<html>
<body>
<pre>
<h1>µVision Build Log</h1>
<h2>Tool Versions:</h2>
IDE-Version: ¦ÌVision V5.40.0.0
Copyright (C) 2024 ARM Ltd and ARM Germany GmbH. All rights reserved.
License Information: x xuchengyan000@outlook.com, x, LIC=03C6R-KZ3FZ-12LLE-5VVW5-6BJK4-8DESR
 
Tool Versions:
Toolchain:       MDK-ARM Plus  Version: 5.40.0.3
Toolchain Path:  D:\keil5\ARM\ARMCC\Bin
C Compiler:      Armcc.exe V5.06 update 5 (build 528)
Assembler:       Armasm.exe V5.06 update 5 (build 528)
Linker/Locator:  ArmLink.exe V5.06 update 5 (build 528)
Library Manager: ArmAr.exe V5.06 update 5 (build 528)
Hex Converter:   FromElf.exe V5.06 update 5 (build 528)
CPU DLL:         SARMCM3.DLL V5.40.0.3
Dialog DLL:      DCM.DLL V1.17.5.0
Target DLL:      CMSIS_AGDI.dll V1.33.18.0
Dialog DLL:      TCM.DLL V1.56.4.0
 
<h2>Project:</h2>
E:\MyBoardCode\STM32\guojisai\guojisai\24warehouse_boardA\MDK-ARM\24warehouse_boardA.uvprojx
Project File Date:  10/11/2024

<h2>Output:</h2>
*** Using Compiler 'V5.06 update 5 (build 528)', folder: 'D:\keil5\ARM\ARMCC\Bin'
Build target '24warehouse_boardA'
compiling flow_task.c...
..\Tasks\flow_task.c(231): warning:  #188-D: enumerated type mixed with another type
  				chassis_behaviour_mode = target.chassis_mode;
..\Tasks\flow_task.c(264): warning:  #188-D: enumerated type mixed with another type
  				chassis_behaviour_mode = target.chassis_mode;
..\Tasks\flow_task.c(279): warning:  #188-D: enumerated type mixed with another type
  				chassis_behaviour_mode = target.chassis_mode;
..\Tasks\flow_task.c(323): warning:  #188-D: enumerated type mixed with another type
  				chassis_behaviour_mode = target.chassis_mode;
..\Tasks\flow_task.c(356): warning:  #188-D: enumerated type mixed with another type
  				chassis_behaviour_mode = target.chassis_mode;
..\Tasks\flow_task.c(373): warning:  #188-D: enumerated type mixed with another type
  				chassis_behaviour_mode = target.chassis_mode;	
..\Tasks\flow_task.c(388): warning:  #188-D: enumerated type mixed with another type
  				chassis_behaviour_mode = target.chassis_mode;
..\Tasks\flow_task.c(403): warning:  #188-D: enumerated type mixed with another type
  				chassis_behaviour_mode = target.chassis_mode;
..\Tasks\flow_task.c(426): warning:  #188-D: enumerated type mixed with another type
  				chassis_behaviour_mode = target.chassis_mode;
..\Tasks\flow_task.c(470): warning:  #188-D: enumerated type mixed with another type
  				chassis_behaviour_mode = target.chassis_mode;	
..\Tasks\flow_task.c(493): warning:  #188-D: enumerated type mixed with another type
  				chassis_behaviour_mode = target.chassis_mode;
..\Tasks\flow_task.c(532): warning:  #188-D: enumerated type mixed with another type
  				chassis_behaviour_mode = target.chassis_mode;	
..\Tasks\flow_task.c(554): warning:  #188-D: enumerated type mixed with another type
  				chassis_behaviour_mode = target.chassis_mode;
..\Tasks\flow_task.c(571): warning:  #188-D: enumerated type mixed with another type
  				chassis_behaviour_mode = target.chassis_mode;	
..\Tasks\flow_task.c(586): warning:  #188-D: enumerated type mixed with another type
  				chassis_behaviour_mode = target.chassis_mode;
..\Tasks\flow_task.c(602): warning:  #188-D: enumerated type mixed with another type
  				chassis_behaviour_mode = target.chassis_mode;	
..\Tasks\flow_task.c(617): warning:  #188-D: enumerated type mixed with another type
  				chassis_behaviour_mode = target.chassis_mode;	
..\Tasks\flow_task.c(632): warning:  #188-D: enumerated type mixed with another type
  				chassis_behaviour_mode = target.chassis_mode;
..\Tasks\flow_task.c(657): warning:  #188-D: enumerated type mixed with another type
  				chassis_behaviour_mode = target.chassis_mode;
..\Tasks\flow_task.c(670): warning:  #188-D: enumerated type mixed with another type
  				chassis_behaviour_mode = target.chassis_mode;
..\Tasks\flow_task.c: 20 warnings, 0 errors
linking...
Program Size: Code=57456 RO-data=1048 RW-data=2292 ZI-data=22684  
FromELF: creating hex file...
"24warehouse_boardA\24warehouse_boardA.axf" - 0 Error(s), 20 Warning(s).

<h2>Software Packages used:</h2>

Package Vendor: ARM
                https://www.keil.com/pack/ARM.CMSIS.6.1.0.pack
                ARM::CMSIS@6.1.0
                CMSIS (Common Microcontroller Software Interface Standard)
   * Component: CORE Version: 6.1.0

Package Vendor: Keil
                https://www.keil.com/pack/Keil.STM32F4xx_DFP.2.17.1.pack
                Keil::STM32F4xx_DFP@2.17.1
                STMicroelectronics STM32F4 Series Device Support, Drivers and Examples

<h2>Collection of Component include folders:</h2>
  ./RTE/_24warehouse_boardA
  D:/keil5/ARM/PACK/ARM/CMSIS/6.1.0/CMSIS/Core/Include
  D:/keil5/ARM/PACK/Keil/STM32F4xx_DFP/2.17.1/Drivers/CMSIS/Device/ST/STM32F4xx/Include

<h2>Collection of Component Files used:</h2>

   * Component: ARM::CMSIS:CORE@6.1.0
      Include file:  CMSIS/Core/Include/tz_context.h
Build Time Elapsed:  00:00:03
</pre>
</body>
</html>
