Component: ARM Compiler 5.06 update 5 (build 528) Tool: armlink [4d35e2]

==============================================================================

Section Cross References

    startup_stm32f427xx.o(STACK) refers (Special) to heapauxi.o(.text) for __use_two_region_memory
    startup_stm32f427xx.o(HEAP) refers (Special) to heapauxi.o(.text) for __use_two_region_memory
    startup_stm32f427xx.o(RESET) refers (Special) to heapauxi.o(.text) for __use_two_region_memory
    startup_stm32f427xx.o(RESET) refers to startup_stm32f427xx.o(STACK) for __initial_sp
    startup_stm32f427xx.o(RESET) refers to startup_stm32f427xx.o(.text) for Reset_Handler
    startup_stm32f427xx.o(RESET) refers to stm32f4xx_it.o(i.NMI_Handler) for NMI_Handler
    startup_stm32f427xx.o(RESET) refers to stm32f4xx_it.o(i.HardFault_Handler) for HardFault_Handler
    startup_stm32f427xx.o(RESET) refers to stm32f4xx_it.o(i.MemManage_Handler) for MemManage_Handler
    startup_stm32f427xx.o(RESET) refers to stm32f4xx_it.o(i.BusFault_Handler) for BusFault_Handler
    startup_stm32f427xx.o(RESET) refers to stm32f4xx_it.o(i.UsageFault_Handler) for UsageFault_Handler
    startup_stm32f427xx.o(RESET) refers to port.o(.emb_text) for SVC_Handler
    startup_stm32f427xx.o(RESET) refers to stm32f4xx_it.o(i.DebugMon_Handler) for DebugMon_Handler
    startup_stm32f427xx.o(RESET) refers to port.o(i.SysTick_Handler) for SysTick_Handler
    startup_stm32f427xx.o(RESET) refers to stm32f4xx_it.o(i.EXTI0_IRQHandler) for EXTI0_IRQHandler
    startup_stm32f427xx.o(RESET) refers to stm32f4xx_it.o(i.EXTI3_IRQHandler) for EXTI3_IRQHandler
    startup_stm32f427xx.o(RESET) refers to stm32f4xx_it.o(i.EXTI4_IRQHandler) for EXTI4_IRQHandler
    startup_stm32f427xx.o(RESET) refers to stm32f4xx_it.o(i.DMA1_Stream1_IRQHandler) for DMA1_Stream1_IRQHandler
    startup_stm32f427xx.o(RESET) refers to stm32f4xx_it.o(i.DMA1_Stream3_IRQHandler) for DMA1_Stream3_IRQHandler
    startup_stm32f427xx.o(RESET) refers to stm32f4xx_it.o(i.CAN1_RX0_IRQHandler) for CAN1_RX0_IRQHandler
    startup_stm32f427xx.o(RESET) refers to stm32f4xx_it.o(i.EXTI9_5_IRQHandler) for EXTI9_5_IRQHandler
    startup_stm32f427xx.o(RESET) refers to stm32f4xx_it.o(i.TIM6_DAC_IRQHandler) for TIM6_DAC_IRQHandler
    startup_stm32f427xx.o(RESET) refers to stm32f4xx_it.o(i.DMA2_Stream0_IRQHandler) for DMA2_Stream0_IRQHandler
    startup_stm32f427xx.o(RESET) refers to stm32f4xx_it.o(i.DMA2_Stream1_IRQHandler) for DMA2_Stream1_IRQHandler
    startup_stm32f427xx.o(RESET) refers to ins_task.o(i.DMA2_Stream2_IRQHandler) for DMA2_Stream2_IRQHandler
    startup_stm32f427xx.o(RESET) refers to stm32f4xx_it.o(i.DMA2_Stream3_IRQHandler) for DMA2_Stream3_IRQHandler
    startup_stm32f427xx.o(RESET) refers to stm32f4xx_it.o(i.DMA2_Stream6_IRQHandler) for DMA2_Stream6_IRQHandler
    startup_stm32f427xx.o(RESET) refers to stm32f4xx_it.o(i.USART6_IRQHandler) for USART6_IRQHandler
    startup_stm32f427xx.o(RESET) refers to stm32f4xx_it.o(i.UART7_IRQHandler) for UART7_IRQHandler
    startup_stm32f427xx.o(.text) refers (Special) to heapauxi.o(.text) for __use_two_region_memory
    startup_stm32f427xx.o(.text) refers to system_stm32f4xx.o(i.SystemInit) for SystemInit
    startup_stm32f427xx.o(.text) refers to __main.o(!!!main) for __main
    startup_stm32f427xx.o(.text) refers to startup_stm32f427xx.o(HEAP) for Heap_Mem
    startup_stm32f427xx.o(.text) refers to startup_stm32f427xx.o(STACK) for Stack_Mem
    main.o(i.HAL_TIM_PeriodElapsedCallback) refers to stm32f4xx_hal.o(i.HAL_IncTick) for HAL_IncTick
    main.o(i.SystemClock_Config) refers to rt_memclr_w.o(.text) for __aeabi_memclr4
    main.o(i.SystemClock_Config) refers to stm32f4xx_hal_rcc.o(i.HAL_RCC_OscConfig) for HAL_RCC_OscConfig
    main.o(i.SystemClock_Config) refers to main.o(i.Error_Handler) for Error_Handler
    main.o(i.SystemClock_Config) refers to stm32f4xx_hal_pwr_ex.o(i.HAL_PWREx_EnableOverDrive) for HAL_PWREx_EnableOverDrive
    main.o(i.SystemClock_Config) refers to stm32f4xx_hal_rcc.o(i.HAL_RCC_ClockConfig) for HAL_RCC_ClockConfig
    main.o(i.main) refers to stm32f4xx_hal.o(i.HAL_Init) for HAL_Init
    main.o(i.main) refers to main.o(i.SystemClock_Config) for SystemClock_Config
    main.o(i.main) refers to gpio.o(i.MX_GPIO_Init) for MX_GPIO_Init
    main.o(i.main) refers to dma.o(i.MX_DMA_Init) for MX_DMA_Init
    main.o(i.main) refers to can.o(i.MX_CAN1_Init) for MX_CAN1_Init
    main.o(i.main) refers to i2c.o(i.MX_I2C3_Init) for MX_I2C3_Init
    main.o(i.main) refers to spi.o(i.MX_SPI1_Init) for MX_SPI1_Init
    main.o(i.main) refers to tim.o(i.MX_TIM4_Init) for MX_TIM4_Init
    main.o(i.main) refers to tim.o(i.MX_TIM10_Init) for MX_TIM10_Init
    main.o(i.main) refers to usart.o(i.MX_USART6_UART_Init) for MX_USART6_UART_Init
    main.o(i.main) refers to usart.o(i.MX_UART7_Init) for MX_UART7_Init
    main.o(i.main) refers to bsp_can.o(i.can_filter_init) for can_filter_init
    main.o(i.main) refers to bsp_delay.o(i.delay_init) for delay_init
[...]
    get_control_temperature                  0x0800cb89   Thumb Code     8  calibrate_task.o(i.get_control_temperature)
    get_next_flash_address                   0x0800cb95   Thumb Code   186  bsp_flash.o(i.get_next_flash_address)
    gyro_offset_calc                         0x0800cc7d   Thumb Code    78  ins_task.o(i.gyro_offset_calc)
    imu_pwm_set                              0x0800cfa5   Thumb Code     8  bsp_imu_pwm.o(i.imu_pwm_set)
    ist8310_GPIO_init                        0x0800d069   Thumb Code     2  ist8310driver_middleware.o(i.ist8310_GPIO_init)
    ist8310_IIC_read_single_reg              0x0800d06d   Thumb Code    36  ist8310driver_middleware.o(i.ist8310_IIC_read_single_reg)
    ist8310_IIC_write_single_reg             0x0800d095   Thumb Code    34  ist8310driver_middleware.o(i.ist8310_IIC_write_single_reg)
    ist8310_RST_H                            0x0800d0bd   Thumb Code    14  ist8310driver_middleware.o(i.ist8310_RST_H)
    ist8310_RST_L                            0x0800d0d1   Thumb Code    14  ist8310driver_middleware.o(i.ist8310_RST_L)
    ist8310_com_init                         0x0800d0e5   Thumb Code     2  ist8310driver_middleware.o(i.ist8310_com_init)
    ist8310_delay_ms                         0x0800d0e7   Thumb Code    12  ist8310driver_middleware.o(i.ist8310_delay_ms)
    ist8310_init                             0x0800d0f5   Thumb Code   142  ist8310driver.o(i.ist8310_init)
    main                                     0x0800d189   Thumb Code    68  main.o(i.main)
    modfiy_mix_cmd                           0x0800d1dd   Thumb Code    82  unitree_a1.o(i.modfiy_mix_cmd)
    modfiy_torque_cmd                        0x0800d235   Thumb Code   120  unitree_a1.o(i.modfiy_torque_cmd)
    osDelay                                  0x0800d2b1   Thumb Code    24  cmsis_os.o(i.osDelay)
    osKernelStart                            0x0800d2c9   Thumb Code    10  cmsis_os.o(i.osKernelStart)
    osThreadCreate                           0x0800d2d3   Thumb Code    94  cmsis_os.o(i.osThreadCreate)
    pcTaskGetName                            0x0800d331   Thumb Code    44  tasks.o(i.pcTaskGetName)
    pvPortMalloc                             0x0800de71   Thumb Code   306  heap_4.o(i.pvPortMalloc)
    pxPortInitialiseStack                    0x0800dfbd   Thumb Code    38  port.o(i.pxPortInitialiseStack)
    serial_servo_UART_Init                   0x0800e06d   Thumb Code    30  serial_servo.o(i.serial_servo_UART_Init)
    sqrtf                                    0x0800e095   Thumb Code    62  sqrtf_full.o(i.sqrtf)
    ulTaskNotifyTake                         0x0800e0d5   Thumb Code   108  tasks.o(i.ulTaskNotifyTake)
    unitree_Uart_Init                        0x0800e149   Thumb Code   144  unitree_a1.o(i.unitree_Uart_Init)
    unitree_check_zero_pose                  0x0800e1e5   Thumb Code    38  arm_ctrl.o(i.unitree_check_zero_pose)
    unitree_pos_pid_ctrl                     0x0800e211   Thumb Code    96  arm_ctrl.o(i.unitree_pos_pid_ctrl)
    unitree_save_check                       0x0800e285   Thumb Code    72  arm_ctrl.o(i.unitree_save_check)
    unitree_torque_ctrl                      0x0800e2d9   Thumb Code    50  arm_ctrl.o(i.unitree_torque_ctrl)
    unitree_w_pid_ctrl                       0x0800e311   Thumb Code   238  arm_ctrl.o(i.unitree_w_pid_ctrl)
    uxListRemove                             0x0800e4a3   Thumb Code    40  list.o(i.uxListRemove)
    uxTaskGetStackHighWaterMark              0x0800e4cd   Thumb Code    34  tasks.o(i.uxTaskGetStackHighWaterMark)
    vApplicationGetIdleTaskMemory            0x0800e4f5   Thumb Code    14  freertos.o(i.vApplicationGetIdleTaskMemory)
    vApplicationGetTimerTaskMemory           0x0800e50d   Thumb Code    16  freertos.o(i.vApplicationGetTimerTaskMemory)
    vListInitialise                          0x0800e525   Thumb Code    26  list.o(i.vListInitialise)
    vListInitialiseItem                      0x0800e53f   Thumb Code     6  list.o(i.vListInitialiseItem)
    vListInsert                              0x0800e545   Thumb Code    52  list.o(i.vListInsert)
    vListInsertEnd                           0x0800e579   Thumb Code    24  list.o(i.vListInsertEnd)
    vPortEnterCritical                       0x0800e591   Thumb Code    76  port.o(i.vPortEnterCritical)
    vPortExitCritical                        0x0800e5e5   Thumb Code    56  port.o(i.vPortExitCritical)
    vPortFree                                0x0800e621   Thumb Code   150  heap_4.o(i.vPortFree)
    vPortSetupTimerInterrupt                 0x0800e6c5   Thumb Code    36  port.o(i.vPortSetupTimerInterrupt)
    vPortValidateInterruptPriority           0x0800e6ed   Thumb Code   106  port.o(i.vPortValidateInterruptPriority)
    vQueueAddToRegistry                      0x0800e765   Thumb Code    38  queue.o(i.vQueueAddToRegistry)
    vQueueWaitForMessageRestricted           0x0800e791   Thumb Code    74  queue.o(i.vQueueWaitForMessageRestricted)
    vTaskDelay                               0x0800e7dd   Thumb Code    82  tasks.o(i.vTaskDelay)
    vTaskInternalSetTimeOutState             0x0800e839   Thumb Code    14  tasks.o(i.vTaskInternalSetTimeOutState)
    vTaskMissedYield                         0x0800e851   Thumb Code     8  tasks.o(i.vTaskMissedYield)
    vTaskNotifyGiveFromISR                   0x0800e85d   Thumb Code   214  tasks.o(i.vTaskNotifyGiveFromISR)
    vTaskPlaceOnEventList                    0x0800e94d   Thumb Code    52  tasks.o(i.vTaskPlaceOnEventList)
    vTaskPlaceOnEventListRestricted          0x0800e985   Thumb Code    60  tasks.o(i.vTaskPlaceOnEventListRestricted)
    vTaskStartScheduler                      0x0800e9c5   Thumb Code   156  tasks.o(i.vTaskStartScheduler)
    vTaskSuspendAll                          0x0800ea7d   Thumb Code    12  tasks.o(i.vTaskSuspendAll)
    vTaskSwitchContext                       0x0800ea8d   Thumb Code   118  tasks.o(i.vTaskSwitchContext)
    xPortStartScheduler                      0x0800eb19   Thumb Code   330  port.o(i.xPortStartScheduler)
    xQueueGenericCreateStatic                0x0800ec81   Thumb Code   224  queue.o(i.xQueueGenericCreateStatic)
    xQueueGenericReset                       0x0800ed61   Thumb Code   146  queue.o(i.xQueueGenericReset)
    xQueueGenericSend                        0x0800edf9   Thumb Code   420  queue.o(i.xQueueGenericSend)
    xQueueGenericSendFromISR                 0x0800efa1   Thumb Code   252  queue.o(i.xQueueGenericSendFromISR)
    xQueueReceive                            0x0800f09d   Thumb Code   356  queue.o(i.xQueueReceive)
    xTaskCheckForTimeOut                     0x0800f205   Thumb Code   156  tasks.o(i.xTaskCheckForTimeOut)
    xTaskCreate                              0x0800f2ad   Thumb Code   100  tasks.o(i.xTaskCreate)
    xTaskCreateStatic                        0x0800f311   Thumb Code   186  tasks.o(i.xTaskCreateStatic)
    xTaskGetHandle                           0x0800f3cd   Thumb Code   142  tasks.o(i.xTaskGetHandle)
    xTaskGetSchedulerState                   0x0800f471   Thumb Code    24  tasks.o(i.xTaskGetSchedulerState)
    xTaskGetTickCount                        0x0800f491   Thumb Code     6  tasks.o(i.xTaskGetTickCount)
    xTaskIncrementTick                       0x0800f49d   Thumb Code   282  tasks.o(i.xTaskIncrementTick)
    xTaskPriorityDisinherit                  0x0800f5e5   Thumb Code   188  tasks.o(i.xTaskPriorityDisinherit)
    xTaskRemoveFromEventList                 0x0800f6ad   Thumb Code   128  tasks.o(i.xTaskRemoveFromEventList)
    xTaskResumeAll                           0x0800f745   Thumb Code   224  tasks.o(i.xTaskResumeAll)
    xTimerCreateTimerTask                    0x0800f849   Thumb Code   100  timers.o(i.xTimerCreateTimerTask)
    xTimerGenericCommand                     0x0800f8c1   Thumb Code   128  timers.o(i.xTimerGenericCommand)
    __aeabi_d2f                              0x0800f945   Thumb Code     0  d2f_clz.o(x$fpl$d2f)
    _d2f                                     0x0800f945   Thumb Code   700  d2f_clz.o(x$fpl$d2f)
    __fpl_dcmp_Inf                           0x0800fc09   Thumb Code    24  dcmpi.o(x$fpl$dcmpinf)
    __aeabi_i2d                              0x0800fc21   Thumb Code     0  dflt_clz.o(x$fpl$dflt)
    _dflt                                    0x0800fc21   Thumb Code    46  dflt_clz.o(x$fpl$dflt)
    __dflt_normalise                         0x0800fc4f   Thumb Code    26  dflt_clz.o(x$fpl$dfltn)
    __aeabi_cdcmple                          0x0800fc69   Thumb Code     0  dleqf.o(x$fpl$dleqf)
    _dcmple                                  0x0800fc69   Thumb Code   120  dleqf.o(x$fpl$dleqf)
    __fpl_dcmple_InfNaN                      0x0800fcc1   Thumb Code     0  dleqf.o(x$fpl$dleqf)
    __aeabi_dmul                             0x0800fce1   Thumb Code     0  dmul_clz.o(x$fpl$dmul)
    _dmul                                    0x0800fce1   Thumb Code   440  dmul_clz.o(x$fpl$dmul)
    __fpl_dnaninf                            0x0800fea1   Thumb Code   258  dnaninf.o(x$fpl$dnaninf)
    __fpl_drenorm2                           0x0800ffa3   Thumb Code   106  drenorm_clz.o(x$fpl$drenorm)
    __fpl_drenorm1                           0x0801000d   Thumb Code     6  drenorm_clz.o(x$fpl$drenorm)
    __fpl_dretinf                            0x08010013   Thumb Code    12  dretinf.o(x$fpl$dretinf)
    __aeabi_cdrcmple                         0x0801001f   Thumb Code     0  drleqf.o(x$fpl$drleqf)
    _drcmple                                 0x0801001f   Thumb Code    98  drleqf.o(x$fpl$drleqf)
    __dunder                                 0x08010081   Thumb Code   314  dunder_clz.o(x$fpl$dunder)
    __dunder_d                               0x080101bb   Thumb Code    64  dunder_clz.o(x$fpl$dunder)
    __fpl_exception                          0x080101fd   Thumb Code   454  except.o(x$fpl$exception)
    __aeabi_f2d                              0x080103e9   Thumb Code     0  f2d.o(x$fpl$f2d)
    _f2d                                     0x080103e9   Thumb Code   122  f2d.o(x$fpl$f2d)
    __fpl_fnaninf                            0x08010463   Thumb Code   242  fnaninf.o(x$fpl$fnaninf)
    _fp_init                                 0x08010555   Thumb Code    10  fpinit.o(x$fpl$fpinit)
    __fplib_config_fpu_vfp                   0x0801055d   Thumb Code     0  fpinit.o(x$fpl$fpinit)
    __fplib_config_pureend_doubles           0x0801055d   Thumb Code     0  fpinit.o(x$fpl$fpinit)
    __fpl_fretinf                            0x0801055f   Thumb Code    10  fretinf.o(x$fpl$fretinf)
    __funder                                 0x08010569   Thumb Code   254  funder_clz.o(x$fpl$funder)
    __funder_d                               0x08010667   Thumb Code    62  funder_clz.o(x$fpl$funder)
    __fpl_return_NaN                         0x080106a5   Thumb Code   178  retnan.o(x$fpl$retnan)
    _fp_trapveneer                           0x08010757   Thumb Code    36  trapv.o(x$fpl$trapveneer)
    __fpl_cmpreturn                          0x0801077b   Thumb Code    90  trapv.o(x$fpl$trapveneer)
    __I$use$fp                               0x080107d4   Number         0  usenofp.o(x$fpl$usenofp)
    AHBPrescTable                            0x08010884   Data          16  system_stm32f4xx.o(.constdata)
    APBPrescTable                            0x08010894   Data           8  system_stm32f4xx.o(.constdata)
    sinTable_f32                             0x0801094c   Data        2052  arm_common_tables.o(.constdata)
    Region$$Table$$Base                      0x08011194   Number         0  anon$$obj.o(Region$$Table)
    Region$$Table$$Limit                     0x080111b4   Number         0  anon$$obj.o(Region$$Table)
    calibrate_tast_handle                    0x20000000   Data           4  freertos.o(.data)
    chassisTaskHandle                        0x20000004   Data           4  freertos.o(.data)
    imuTaskHandle                            0x20000008   Data           4  freertos.o(.data)
    BodanpanTaskHandle                       0x2000000c   Data           4  freertos.o(.data)
    armTaskHandle                            0x20000010   Data           4  freertos.o(.data)
    Prepare_Task_Handle                      0x20000014   Data           4  freertos.o(.data)
    uwTick                                   0x20000018   Data           4  stm32f4xx_hal.o(.data)
    uwTickPrio                               0x2000001c   Data           4  stm32f4xx_hal.o(.data)
    uwTickFreq                               0x20000020   Data           1  stm32f4xx_hal.o(.data)
    SystemCoreClock                          0x20000024   Data           4  system_stm32f4xx.o(.data)
    pxCurrentTCB                             0x20000028   Data           4  tasks.o(.data)
    BMI088_ACCEL_SEN                         0x200000a4   Data           4  bmi088driver.o(.data)
    BMI088_GYRO_SEN                          0x200000a8   Data           4  bmi088driver.o(.data)
    start_flag                               0x200000e8   Data           5  can_receive.o(.data)
    can_reset_flag                           0x200000ed   Data           5  can_receive.o(.data)
    chassis_code_reset_flag                  0x200000fd   Data           1  chassis_behaviour.o(.data)
    chassis_behaviour_mode                   0x200000fe   Data           1  chassis_behaviour.o(.data)
    flag_infrared                            0x200000ff   Data           1  chassis_behaviour.o(.data)
    flag_ultrasonic                          0x20000100   Data           1  chassis_behaviour.o(.data)
    usart_dma_tx_over                        0x20000101   Data           1  vofa.o(.data)
    safe_flag                                0x20000104   Data           1  chassis_task.o(.data)
    limit_xspeed_set                         0x20000108   Data           4  chassis_task.o(.data)
    limit_yspeed_set                         0x2000010c   Data           4  chassis_task.o(.data)
    limit_wspeed_set                         0x20000110   Data           4  chassis_task.o(.data)
    cntx                                     0x20000114   Data           1  chassis_task.o(.data)
    cnty                                     0x20000115   Data           1  chassis_task.o(.data)
    cntw                                     0x20000116   Data           1  chassis_task.o(.data)
    gyro_dma_rx_buf                          0x2000011c   Data           8  ins_task.o(.data)
    gyro_dma_tx_buf                          0x20000124   Data           8  ins_task.o(.data)
    accel_dma_tx_buf                         0x2000012c   Data           9  ins_task.o(.data)
    accel_temp_dma_rx_buf                    0x20000135   Data           4  ins_task.o(.data)
    accel_temp_dma_tx_buf                    0x20000139   Data           4  ins_task.o(.data)
    gyro_update_flag                         0x2000013d   Data           1  ins_task.o(.data)
    accel_update_flag                        0x2000013e   Data           1  ins_task.o(.data)
    accel_temp_update_flag                   0x2000013f   Data           1  ins_task.o(.data)
    mag_update_flag                          0x20000140   Data           1  ins_task.o(.data)
    imu_start_dma_flag                       0x20000141   Data           1  ins_task.o(.data)
    gyro_scale_factor                        0x20000144   Data          36  ins_task.o(.data)
    accel_scale_factor                       0x20000168   Data          36  ins_task.o(.data)
    mag_scale_factor                         0x2000018c   Data          36  ins_task.o(.data)
    my_cali_flag                             0x200001b8   Data           1  calibrate_task.o(.data)
    my_cnt_flag                              0x200001b9   Data           1  calibrate_task.o(.data)
    my_head_flag                             0x200001ba   Data           1  calibrate_task.o(.data)
    my_gyro_flag                             0x200001bb   Data           1  calibrate_task.o(.data)
    calibrate_task_stack                     0x200001bc   Data           4  calibrate_task.o(.data)
    cali_hook_fun                            0x200001dc   Data          16  calibrate_task.o(.data)
    ball_num                                 0x20000200   Data           1  bodanpan_task.o(.data)
    a_new_ball_in_flag                       0x20000201   Data           1  bodanpan_task.o(.data)
    IC_data_RX                               0x20000202   Data           1  bodanpan_task.o(.data)
    targ_pos                                 0x20000204   Data           4  arm_task.o(.data)
    real_pos                                 0x20000208   Data           4  arm_task.o(.data)
    direction                                0x2000020c   Data           1  arm_task.o(.data)
    K_tff                                    0x20000210   Data           4  arm_ctrl.o(.data)
    K_set_w                                  0x20000214   Data           4  arm_ctrl.o(.data)
    Tf                                       0x20000218   Data           4  arm_ctrl.o(.data)
    Tf_up                                    0x2000021c   Data           4  arm_ctrl.o(.data)
    Tf_down                                  0x20000220   Data           4  arm_ctrl.o(.data)
    set_w                                    0x20000224   Data           4  arm_ctrl.o(.data)
    kw                                       0x20000228   Data           4  arm_ctrl.o(.data)
    up_w                                     0x2000022c   Data           4  arm_ctrl.o(.data)
    down_w                                   0x20000230   Data           4  arm_ctrl.o(.data)
    dangerous_count                          0x20000234   Data           1  arm_ctrl.o(.data)
    claw_catch_pos                           0x20000236   Data           2  arm_ctrl.o(.data)
    claw_loose_pos                           0x20000238   Data           2  arm_ctrl.o(.data)
    hcan1                                    0x200008fc   Data          40  can.o(.bss)
    hi2c3                                    0x20000924   Data          84  i2c.o(.bss)
    hspi1                                    0x20000978   Data          88  spi.o(.bss)
    hdma_spi1_rx                             0x200009d0   Data          96  spi.o(.bss)
    hdma_spi1_tx                             0x20000a30   Data          96  spi.o(.bss)
    htim4                                    0x20000a90   Data          72  tim.o(.bss)
    htim10                                   0x20000ad8   Data          72  tim.o(.bss)
    huart7                                   0x20000b20   Data          72  usart.o(.bss)
    huart6                                   0x20000b68   Data          72  usart.o(.bss)
    hdma_uart7_rx                            0x20000bb0   Data          96  usart.o(.bss)
    hdma_uart7_tx                            0x20000c10   Data          96  usart.o(.bss)
    hdma_usart6_rx                           0x20000c70   Data          96  usart.o(.bss)
    hdma_usart6_tx                           0x20000cd0   Data          96  usart.o(.bss)
    htim6                                    0x20000d30   Data          72  stm32f4xx_hal_timebase_tim.o(.bss)
    pFlash                                   0x20000d78   Data          32  stm32f4xx_hal_flash.o(.bss)
    xQueueRegistry                           0x20000d98   Data          64  queue.o(.bss)
    motor_chassis                            0x20004bd8   Data         120  can_receive.o(.bss)
    bodanpan                                 0x20004c80   Data          48  bodanpan.o(.bss)
    chassis_move                             0x20004cb0   Data         672  chassis_task.o(.bss)
    accel_dma_rx_buf                         0x20004f50   Data           9  ins_task.o(.bss)
    bmi088_real_data                         0x20004f5c   Data          36  ins_task.o(.bss)
    gyro_offset                              0x20004f80   Data          12  ins_task.o(.bss)
    gyro_cali_offset                         0x20004f8c   Data          12  ins_task.o(.bss)
    accel_offset                             0x20004f98   Data          12  ins_task.o(.bss)
    accel_cali_offset                        0x20004fa4   Data          12  ins_task.o(.bss)
    ist8310_real_data                        0x20004fb0   Data          16  ins_task.o(.bss)
    mag_offset                               0x20004fc0   Data          12  ins_task.o(.bss)
    mag_cali_offset                          0x20004fcc   Data          12  ins_task.o(.bss)
    INS_angle                                0x20005078   Data          12  ins_task.o(.bss)
    my_angle                                 0x20005084   Data          12  ins_task.o(.bss)
    cali_sensor                              0x20005130   Data          52  calibrate_task.o(.bss)
    bodanpan_angle_pid                       0x20005164   Data          72  bodanpan_task.o(.bss)
    bodanpan_real_angle_pid                  0x200051ac   Data          72  bodanpan_task.o(.bss)
    bodanpan_speed_pid                       0x200051f4   Data          72  bodanpan_task.o(.bss)
    unitree_Data                             0x2000523c   Data         204  arm_ctrl.o(.bss)
    unitree_w_pid                            0x20005308   Data          72  arm_ctrl.o(.bss)
    unitree_pos_pid                          0x20005350   Data          72  arm_ctrl.o(.bss)
    servo_Data                               0x20005398   Data          26  arm_ctrl.o(.bss)
    ServoTxBuf                               0x200053b2   Data         128  serial_servo.o(.bss)
    ServoRxBuf                               0x20005432   Data          20  serial_servo.o(.bss)
    Servo_Rx_Data                            0x20005446   Data          20  serial_servo.o(.bss)
    unitree_rx_buf                           0x2000545a   Data         156  unitree_a1.o(.bss)
    motor_rx_temp                            0x200054f6   Data          78  unitree_a1.o(.bss)
    __libspace_start                         0x20005544   Data          96  libspace.o(.bss)
    __temporary_stack_top$libspace           0x200055a4   Data           0  libspace.o(.bss)



==============================================================================

Memory Map of the image

  Image Entry point : 0x080001ad

  Load Region LR_IROM1 (Base: 0x08000000, Size: 0x00011408, Max: 0x00200000, ABSOLUTE, COMPRESSED[0x00011260])

    Execution Region ER_IROM1 (Exec base: 0x08000000, Load base: 0x08000000, Size: 0x000111b4, Max: 0x00200000, ABSOLUTE)

    Exec Addr    Load Addr    Size         Type   Attr      Idx    E Section Name        Object

    0x08000000   0x08000000   0x000001ac   Data   RO            3    RESET               startup_stm32f427xx.o
    0x080001ac   0x080001ac   0x00000008   Code   RO         8304  * !!!main             c_w.l(__main.o)
    0x080001b4   0x080001b4   0x00000034   Code   RO         8771    !!!scatter          c_w.l(__scatter.o)
    0x080001e8   0x080001e8   0x0000005a   Code   RO         8769    !!dczerorl2         c_w.l(__dczerorl2.o)
    0x08000242   0x08000242   0x00000002   PAD
    0x08000244   0x08000244   0x0000001c   Code   RO         8773    !!handler_zi        c_w.l(__scatter_zi.o)
    0x08000260   0x08000260   0x00000002   Code   RO         8633    .ARM.Collect$$libinit$$00000000  c_w.l(libinit.o)
    0x08000262   0x08000262   0x00000004   Code   RO         8651    .ARM.Collect$$libinit$$00000001  c_w.l(libinit2.o)
    0x08000266   0x08000266   0x00000000   Code   RO         8654    .ARM.Collect$$libinit$$00000004  c_w.l(libinit2.o)
    0x08000266   0x08000266   0x00000000   Code   RO         8657    .ARM.Collect$$libinit$$0000000A  c_w.l(libinit2.o)
    0x08000266   0x08000266   0x00000000   Code   RO         8659    .ARM.Collect$$libinit$$0000000C  c_w.l(libinit2.o)
    0x08000266   0x08000266   0x00000000   Code   RO         8661    .ARM.Collect$$libinit$$0000000E  c_w.l(libinit2.o)
    0x08000266   0x08000266   0x00000000   Code   RO         8664    .ARM.Collect$$libinit$$00000011  c_w.l(libinit2.o)
    0x08000266   0x08000266   0x00000000   Code   RO         8666    .ARM.Collect$$libinit$$00000013  c_w.l(libinit2.o)
    0x08000266   0x08000266   0x00000000   Code   RO         8668    .ARM.Collect$$libinit$$00000015  c_w.l(libinit2.o)
    0x08000266   0x08000266   0x00000000   Code   RO         8670    .ARM.Collect$$libinit$$00000017  c_w.l(libinit2.o)
    0x08000266   0x08000266   0x00000000   Code   RO         8672    .ARM.Collect$$libinit$$00000019  c_w.l(libinit2.o)
    0x08000266   0x08000266   0x00000000   Code   RO         8674    .ARM.Collect$$libinit$$0000001B  c_w.l(libinit2.o)
    0x08000266   0x08000266   0x00000000   Code   RO         8676    .ARM.Collect$$libinit$$0000001D  c_w.l(libinit2.o)
    0x08000266   0x08000266   0x00000000   Code   RO         8678    .ARM.Collect$$libinit$$0000001F  c_w.l(libinit2.o)
    0x08000266   0x08000266   0x00000000   Code   RO         8680    .ARM.Collect$$libinit$$00000021  c_w.l(libinit2.o)
    0x08000266   0x08000266   0x00000000   Code   RO         8682    .ARM.Collect$$libinit$$00000023  c_w.l(libinit2.o)
    0x08000266   0x08000266   0x00000000   Code   RO         8684    .ARM.Collect$$libinit$$00000025  c_w.l(libinit2.o)
    0x08000266   0x08000266   0x00000000   Code   RO         8688    .ARM.Collect$$libinit$$0000002C  c_w.l(libinit2.o)
    0x08000266   0x08000266   0x00000000   Code   RO         8690    .ARM.Collect$$libinit$$0000002E  c_w.l(libinit2.o)
    0x08000266   0x08000266   0x00000000   Code   RO         8692    .ARM.Collect$$libinit$$00000030  c_w.l(libinit2.o)
    0x08000266   0x08000266   0x00000000   Code   RO         8694    .ARM.Collect$$libinit$$00000032  c_w.l(libinit2.o)
    0x08000266   0x08000266   0x00000002   Code   RO         8695    .ARM.Collect$$libinit$$00000033  c_w.l(libinit2.o)
    0x08000268   0x08000268   0x00000002   Code   RO         8726    .ARM.Collect$$libshutdown$$00000000  c_w.l(libshutdown.o)
    0x0800026a   0x0800026a   0x00000000   Code   RO         8752    .ARM.Collect$$libshutdown$$00000002  c_w.l(libshutdown2.o)
    0x0800026a   0x0800026a   0x00000000   Code   RO         8754    .ARM.Collect$$libshutdown$$00000004  c_w.l(libshutdown2.o)
    0x0800026a   0x0800026a   0x00000000   Code   RO         8757    .ARM.Collect$$libshutdown$$00000007  c_w.l(libshutdown2.o)
    0x0800026a   0x0800026a   0x00000000   Code   RO         8760    .ARM.Collect$$libshutdown$$0000000A  c_w.l(libshutdown2.o)
    0x0800026a   0x0800026a   0x00000000   Code   RO         8762    .ARM.Collect$$libshutdown$$0000000C  c_w.l(libshutdown2.o)
    0x0800026a   0x0800026a   0x00000000   Code   RO         8765    .ARM.Collect$$libshutdown$$0000000F  c_w.l(libshutdown2.o)
    0x0800026a   0x0800026a   0x00000002   Code   RO         8766    .ARM.Collect$$libshutdown$$00000010  c_w.l(libshutdown2.o)
    0x0800026c   0x0800026c   0x00000000   Code   RO         8386    .ARM.Collect$$rtentry$$00000000  c_w.l(__rtentry.o)
    0x0800026c   0x0800026c   0x00000000   Code   RO         8535    .ARM.Collect$$rtentry$$00000002  c_w.l(__rtentry2.o)
    0x0800026c   0x0800026c   0x00000006   Code   RO         8547    .ARM.Collect$$rtentry$$00000004  c_w.l(__rtentry4.o)
    0x08000272   0x08000272   0x00000000   Code   RO         8537    .ARM.Collect$$rtentry$$00000009  c_w.l(__rtentry2.o)
    0x08000272   0x08000272   0x00000004   Code   RO         8538    .ARM.Collect$$rtentry$$0000000A  c_w.l(__rtentry2.o)
    0x08000276   0x08000276   0x00000000   Code   RO         8540    .ARM.Collect$$rtentry$$0000000C  c_w.l(__rtentry2.o)
    0x08000276   0x08000276   0x00000008   Code   RO         8541    .ARM.Collect$$rtentry$$0000000D  c_w.l(__rtentry2.o)
    0x0800027e   0x0800027e   0x00000002   Code   RO         8638    .ARM.Collect$$rtexit$$00000000  c_w.l(rtexit.o)
    0x08000280   0x08000280   0x00000000   Code   RO         8699    .ARM.Collect$$rtexit$$00000002  c_w.l(rtexit2.o)
    0x08000280   0x08000280   0x00000004   Code   RO         8700    .ARM.Collect$$rtexit$$00000003  c_w.l(rtexit2.o)
    0x08000284   0x08000284   0x00000006   Code   RO         8701    .ARM.Collect$$rtexit$$00000004  c_w.l(rtexit2.o)
    0x0800028a   0x0800028a   0x00000002   PAD
    0x0800028c   0x0800028c   0x000000be   Code   RO         6049    .emb_text           port.o
    0x0800034a   0x0800034a   0x00000002   PAD
    0x0800034c   0x0800034c   0x00000040   Code   RO            4    .text               startup_stm32f427xx.o
    0x0800038c   0x0800038c   0x00000078   Code   RO         8126    .text               arm_cortexM4lf_math.lib(arm_cos_f32.o)
    0x08000404   0x08000404   0x00000074   Code   RO         8179    .text               arm_cortexM4lf_math.lib(arm_sin_f32.o)
    0x08000478   0x08000478   0x000000ee   Code   RO         8284    .text               c_w.l(lludivv7m.o)
    0x08000566   0x08000566   0x0000003e   Code   RO         8288    .text               c_w.l(strlen.o)
    0x080005a4   0x080005a4   0x0000008a   Code   RO         8290    .text               c_w.l(rt_memcpy_v6.o)
    0x0800062e   0x0800062e   0x00000064   Code   RO         8292    .text               c_w.l(rt_memcpy_w.o)
    0x08000692   0x08000692   0x00000010   Code   RO         8296    .text               c_w.l(aeabi_memset.o)
    0x080006a2   0x080006a2   0x00000044   Code   RO         8298    .text               c_w.l(rt_memclr.o)
    0x080006e6   0x080006e6   0x0000004e   Code   RO         8300    .text               c_w.l(rt_memclr_w.o)
    0x08000734   0x08000734   0x00000006   Code   RO         8302    .text               c_w.l(heapauxi.o)
    0x0800073a   0x0800073a   0x00000016   Code   RO         8391    .text               c_w.l(_rserrno.o)
    0x08000750   0x08000750   0x00000008   Code   RO         8554    .text               c_w.l(rt_errno_addr_intlibspace.o)
    0x08000758   0x08000758   0x00000030   Code   RO         8558    .text               c_w.l(_fptrap.o)
    0x08000788   0x08000788   0x00000008   Code   RO         8580    .text               c_w.l(libspace.o)
    0x08000790   0x08000790   0x0000004a   Code   RO         8583    .text               c_w.l(sys_stackheap_outer.o)
    0x080007da   0x080007da   0x00000012   Code   RO         8622    .text               c_w.l(exit.o)
    0x080007ec   0x080007ec   0x0000000e   Code   RO         8624    .text               c_w.l(defsig_fpe_outer.o)
    0x080007fa   0x080007fa   0x0000000a   Code   RO         8645    .text               c_w.l(defsig_exit.o)
    0x08000804   0x08000804   0x000000ac   Code   RO         8647    .text               c_w.l(defsig_fpe_inner.o)
    0x080008b0   0x080008b0   0x0000000c   Code   RO         8696    .text               c_w.l(sys_exit.o)
    0x080008bc   0x080008bc   0x00000032   Code   RO         8707    .text               c_w.l(defsig_general.o)
    0x080008ee   0x080008ee   0x0000000e   Code   RO         8713    .text               c_w.l(sys_wrch.o)
    0x080008fc   0x080008fc   0x00000002   Code   RO         8715    .text               c_w.l(use_no_semi.o)
    0x080008fe   0x080008fe   0x00000000   Code   RO         8717    .text               c_w.l(indicate_semi.o)
    0x080008fe   0x080008fe   0x00000018   Code   RO         6130    i.AHRS_asinf        ahrs_middleware.o
    0x08000916   0x08000916   0x00000020   Code   RO         6131    i.AHRS_atan2f       ahrs_middleware.o
    0x08000936   0x08000936   0x00000018   Code   RO         6132    i.AHRS_cosf         ahrs_middleware.o
    0x0800094e   0x0800094e   0x0000001a   Code   RO         8036    i.AHRS_fabs         AHRS.lib(ahrs.o)
    0x08000968   0x08000968   0x00000010   Code   RO         6133    i.AHRS_get_height   ahrs_middleware.o
    0x08000978   0x08000978   0x0000000c   Code   RO         6134    i.AHRS_get_latitude  ahrs_middleware.o
    0x08000984   0x08000984   0x0000029c   Code   RO         8037    i.AHRS_init         AHRS.lib(ahrs.o)
    0x08000c20   0x08000c20   0x00000024   Code   RO         6135    i.AHRS_invSqrt      ahrs_middleware.o
    0x08000c44   0x08000c44   0x00000018   Code   RO         6136    i.AHRS_sinf         ahrs_middleware.o
    0x08000c5c   0x08000c5c   0x0000013a   Code   RO         8038    i.AHRS_update       AHRS.lib(ahrs.o)
    0x08000d96   0x08000d96   0x00000002   PAD
    0x08000d98   0x08000d98   0x0000005c   Code   RO         7784    i.Arm_Init          arm_ctrl.o
    0x08000df4   0x08000df4   0x00000014   Code   RO         6592    i.BMI088_ACCEL_NS_H  bmi088middleware.o
    0x08000e08   0x08000e08   0x00000014   Code   RO         6593    i.BMI088_ACCEL_NS_L  bmi088middleware.o
    0x08000e1c   0x08000e1c   0x00000002   Code   RO         6594    i.BMI088_GPIO_init  bmi088middleware.o
    0x08000e1e   0x08000e1e   0x00000002   PAD
    0x08000e20   0x08000e20   0x00000014   Code   RO         6595    i.BMI088_GYRO_NS_H  bmi088middleware.o
    0x08000e34   0x08000e34   0x00000014   Code   RO         6596    i.BMI088_GYRO_NS_L  bmi088middleware.o
    0x08000e48   0x08000e48   0x00000090   Code   RO         6393    i.BMI088_accel_read_over  bmi088driver.o
    0x08000ed8   0x08000ed8   0x00000002   Code   RO         6597    i.BMI088_com_init   bmi088middleware.o
    0x08000eda   0x08000eda   0x0000000c   Code   RO         6598    i.BMI088_delay_ms   bmi088middleware.o
    0x08000ee6   0x08000ee6   0x0000000c   Code   RO         6599    i.BMI088_delay_us   bmi088middleware.o
    0x08000ef2   0x08000ef2   0x00000002   PAD
    0x08000ef4   0x08000ef4   0x00000068   Code   RO         6394    i.BMI088_gyro_read_over  bmi088driver.o
    0x08000f5c   0x08000f5c   0x00000034   Code   RO         6395    i.BMI088_init       bmi088driver.o
    0x08000f90   0x08000f90   0x0000017c   Code   RO         6396    i.BMI088_read       bmi088driver.o
    0x0800110c   0x0800110c   0x00000026   Code   RO         6399    i.BMI088_read_muli_reg  bmi088driver.o
    0x08001132   0x08001132   0x00000018   Code   RO         6400    i.BMI088_read_single_reg  bmi088driver.o
    0x0800114a   0x0800114a   0x00000002   PAD
    0x0800114c   0x0800114c   0x00000020   Code   RO         6600    i.BMI088_read_write_byte  bmi088middleware.o
    0x0800116c   0x0800116c   0x00000034   Code   RO         6401    i.BMI088_temperature_read_over  bmi088driver.o
    0x080011a0   0x080011a0   0x00000014   Code   RO         6402    i.BMI088_write_single_reg  bmi088driver.o
    0x080011b4   0x080011b4   0x00000094   Code   RO         7699    i.Bodanpan_Task     bodanpan_task.o
    0x08001248   0x08001248   0x00000004   Code   RO          614    i.BusFault_Handler  stm32f4xx_it.o
    0x0800124c   0x0800124c   0x00000010   Code   RO          615    i.CAN1_RX0_IRQHandler  stm32f4xx_it.o
    0x0800125c   0x0800125c   0x00000050   Code   RO         7022    i.CAN_cmd_chassis   can_receive.o
    0x080012ac   0x080012ac   0x00000038   Code   RO         7023    i.CAN_cmd_pan       can_receive.o
    0x080012e4   0x080012e4   0x00000010   Code   RO          616    i.DMA1_Stream1_IRQHandler  stm32f4xx_it.o
    0x080012f4   0x080012f4   0x00000010   Code   RO          617    i.DMA1_Stream3_IRQHandler  stm32f4xx_it.o
    0x08001304   0x08001304   0x00000010   Code   RO          618    i.DMA2_Stream0_IRQHandler  stm32f4xx_it.o
    0x08001314   0x08001314   0x00000010   Code   RO          619    i.DMA2_Stream1_IRQHandler  stm32f4xx_it.o
    0x08001324   0x08001324   0x00000898   Code   RO         7470    i.DMA2_Stream2_IRQHandler  ins_task.o
    0x08001bbc   0x08001bbc   0x00000010   Code   RO          620    i.DMA2_Stream3_IRQHandler  stm32f4xx_it.o
    0x08001bcc   0x08001bcc   0x00000010   Code   RO          621    i.DMA2_Stream6_IRQHandler  stm32f4xx_it.o
    0x08001bdc   0x08001bdc   0x00000034   Code   RO         1652    i.DMA_CalcBaseAndBitshift  stm32f4xx_hal_dma.o
    0x08001c10   0x08001c10   0x000000aa   Code   RO         1653    i.DMA_CheckFifoParam  stm32f4xx_hal_dma.o
    0x08001cba   0x08001cba   0x0000002c   Code   RO         1654    i.DMA_SetConfig     stm32f4xx_hal_dma.o
    0x08001ce6   0x08001ce6   0x00000002   Code   RO          622    i.DebugMon_Handler  stm32f4xx_it.o
    0x08001ce8   0x08001ce8   0x0000000a   Code   RO          623    i.EXTI0_IRQHandler  stm32f4xx_it.o
    0x08001cf2   0x08001cf2   0x0000000a   Code   RO          624    i.EXTI3_IRQHandler  stm32f4xx_it.o
    0x08001cfc   0x08001cfc   0x0000000a   Code   RO          625    i.EXTI4_IRQHandler  stm32f4xx_it.o
    0x08001d06   0x08001d06   0x0000000a   Code   RO          626    i.EXTI9_5_IRQHandler  stm32f4xx_it.o
    0x08001d10   0x08001d10   0x00000006   Code   RO           13    i.Error_Handler     main.o
    0x08001d16   0x08001d16   0x00000002   PAD
    0x08001d18   0x08001d18   0x00000184   Code   RO         7944    i.ExtractData       unitree_a1.o
    0x08001e9c   0x08001e9c   0x00000060   Code   RO         1377    i.FLASH_Erase_Sector  stm32f4xx_hal_flash_ex.o
    0x08001efc   0x08001efc   0x00000078   Code   RO         1378    i.FLASH_FlushCaches  stm32f4xx_hal_flash_ex.o
    0x08001f74   0x08001f74   0x00000054   Code   RO         1379    i.FLASH_MassErase   stm32f4xx_hal_flash_ex.o
    0x08001fc8   0x08001fc8   0x00000024   Code   RO         1259    i.FLASH_Program_Byte  stm32f4xx_hal_flash.o
    0x08001fec   0x08001fec   0x00000030   Code   RO         1260    i.FLASH_Program_DoubleWord  stm32f4xx_hal_flash.o
    0x0800201c   0x0800201c   0x00000028   Code   RO         1261    i.FLASH_Program_HalfWord  stm32f4xx_hal_flash.o
    0x08002044   0x08002044   0x00000028   Code   RO         1262    i.FLASH_Program_Word  stm32f4xx_hal_flash.o
    0x0800206c   0x0800206c   0x000000b4   Code   RO         1263    i.FLASH_SetErrorCode  stm32f4xx_hal_flash.o
    0x08002120   0x08002120   0x00000064   Code   RO         1264    i.FLASH_WaitForLastOperation  stm32f4xx_hal_flash.o
    0x08002184   0x08002184   0x0000002a   Code   RO          858    i.HAL_CAN_ActivateNotification  stm32f4xx_hal_can.o
    0x080021ae   0x080021ae   0x0000014a   Code   RO          859    i.HAL_CAN_AddTxMessage  stm32f4xx_hal_can.o
    0x080022f8   0x080022f8   0x00000124   Code   RO          860    i.HAL_CAN_ConfigFilter  stm32f4xx_hal_can.o
    0x0800241c   0x0800241c   0x00000002   Code   RO          863    i.HAL_CAN_ErrorCallback  stm32f4xx_hal_can.o
    0x0800241e   0x0800241e   0x00000194   Code   RO          866    i.HAL_CAN_GetRxMessage  stm32f4xx_hal_can.o
    0x080025b2   0x080025b2   0x0000024e   Code   RO          870    i.HAL_CAN_IRQHandler  stm32f4xx_hal_can.o
    0x08002800   0x08002800   0x00000174   Code   RO          871    i.HAL_CAN_Init      stm32f4xx_hal_can.o
    0x08002974   0x08002974   0x00000098   Code   RO          363    i.HAL_CAN_MspInit   can.o
    0x08002a0c   0x08002a0c   0x00000002   Code   RO          878    i.HAL_CAN_RxFifo0FullCallback  stm32f4xx_hal_can.o
    0x08002a0e   0x08002a0e   0x00000002   PAD
    0x08002a10   0x08002a10   0x0000026c   Code   RO         7024    i.HAL_CAN_RxFifo0MsgPendingCallback  can_receive.o
    0x08002c7c   0x08002c7c   0x00000002   Code   RO          880    i.HAL_CAN_RxFifo1FullCallback  stm32f4xx_hal_can.o
    0x08002c7e   0x08002c7e   0x00000002   Code   RO          881    i.HAL_CAN_RxFifo1MsgPendingCallback  stm32f4xx_hal_can.o
    0x08002c80   0x08002c80   0x00000002   Code   RO          882    i.HAL_CAN_SleepCallback  stm32f4xx_hal_can.o
    0x08002c82   0x08002c82   0x0000005e   Code   RO          883    i.HAL_CAN_Start     stm32f4xx_hal_can.o
    0x08002ce0   0x08002ce0   0x00000002   Code   RO          885    i.HAL_CAN_TxMailbox0AbortCallback  stm32f4xx_hal_can.o
    0x08002ce2   0x08002ce2   0x00000002   Code   RO          886    i.HAL_CAN_TxMailbox0CompleteCallback  stm32f4xx_hal_can.o
    0x08002ce4   0x08002ce4   0x00000002   Code   RO          887    i.HAL_CAN_TxMailbox1AbortCallback  stm32f4xx_hal_can.o
    0x08002ce6   0x08002ce6   0x00000002   Code   RO          888    i.HAL_CAN_TxMailbox1CompleteCallback  stm32f4xx_hal_can.o
    0x08002ce8   0x08002ce8   0x00000002   Code   RO          889    i.HAL_CAN_TxMailbox2AbortCallback  stm32f4xx_hal_can.o
    0x08002cea   0x08002cea   0x00000002   Code   RO          890    i.HAL_CAN_TxMailbox2CompleteCallback  stm32f4xx_hal_can.o
    0x08002cec   0x08002cec   0x00000002   Code   RO          892    i.HAL_CAN_WakeUpFromRxMsgCallback  stm32f4xx_hal_can.o
    0x08002cee   0x08002cee   0x000000ac   Code   RO         1655    i.HAL_DMA_Abort     stm32f4xx_hal_dma.o
    0x08002d9a   0x08002d9a   0x00000028   Code   RO         1656    i.HAL_DMA_Abort_IT  stm32f4xx_hal_dma.o
    0x08002dc2   0x08002dc2   0x00000002   PAD
    0x08002dc4   0x08002dc4   0x00000240   Code   RO         1660    i.HAL_DMA_IRQHandler  stm32f4xx_hal_dma.o
    0x08003004   0x08003004   0x000000ec   Code   RO         1661    i.HAL_DMA_Init      stm32f4xx_hal_dma.o
    0x080030f0   0x080030f0   0x00000092   Code   RO         1665    i.HAL_DMA_Start_IT  stm32f4xx_hal_dma.o
    0x08003182   0x08003182   0x00000002   PAD
    0x08003184   0x08003184   0x000000b0   Code   RO         1394    i.HAL_FLASHEx_Erase  stm32f4xx_hal_flash_ex.o
    0x08003234   0x08003234   0x00000014   Code   RO         1268    i.HAL_FLASH_Lock    stm32f4xx_hal_flash.o
    0x08003248   0x08003248   0x00000098   Code   RO         1273    i.HAL_FLASH_Program  stm32f4xx_hal_flash.o
    0x080032e0   0x080032e0   0x00000034   Code   RO         1275    i.HAL_FLASH_Unlock  stm32f4xx_hal_flash.o
    0x08003314   0x08003314   0x000000a8   Code   RO         7471    i.HAL_GPIO_EXTI_Callback  ins_task.o
    0x080033bc   0x080033bc   0x0000001c   Code   RO         1547    i.HAL_GPIO_EXTI_IRQHandler  stm32f4xx_hal_gpio.o
    0x080033d8   0x080033d8   0x00000210   Code   RO         1548    i.HAL_GPIO_Init     stm32f4xx_hal_gpio.o
    0x080035e8   0x080035e8   0x0000000c   Code   RO         1552    i.HAL_GPIO_WritePin  stm32f4xx_hal_gpio.o
    0x080035f4   0x080035f4   0x0000000c   Code   RO         2111    i.HAL_GetTick       stm32f4xx_hal.o
    0x08003600   0x08003600   0x0000004c   Code   RO         2843    i.HAL_I2CEx_ConfigAnalogFilter  stm32f4xx_hal_i2c_ex.o
    0x0800364c   0x0800364c   0x00000050   Code   RO         2844    i.HAL_I2CEx_ConfigDigitalFilter  stm32f4xx_hal_i2c_ex.o
    0x0800369c   0x0800369c   0x000001d0   Code   RO         2377    i.HAL_I2C_Init      stm32f4xx_hal_i2c.o
    0x0800386c   0x0800386c   0x00000308   Code   RO         2395    i.HAL_I2C_Mem_Read  stm32f4xx_hal_i2c.o
    0x08003b74   0x08003b74   0x00000164   Code   RO         2398    i.HAL_I2C_Mem_Write  stm32f4xx_hal_i2c.o
    0x08003cd8   0x08003cd8   0x000000c8   Code   RO          429    i.HAL_I2C_MspInit   i2c.o
    0x08003da0   0x08003da0   0x00000018   Code   RO         2117    i.HAL_IncTick       stm32f4xx_hal.o
    0x08003db8   0x08003db8   0x0000003c   Code   RO         2118    i.HAL_Init          stm32f4xx_hal.o
    0x08003df4   0x08003df4   0x000000b4   Code   RO          818    i.HAL_InitTick      stm32f4xx_hal_timebase_tim.o
    0x08003ea8   0x08003ea8   0x00000054   Code   RO          794    i.HAL_MspInit       stm32f4xx_hal_msp.o
    0x08003efc   0x08003efc   0x00000028   Code   RO         1956    i.HAL_NVIC_EnableIRQ  stm32f4xx_hal_cortex.o
    0x08003f24   0x08003f24   0x0000007c   Code   RO         1962    i.HAL_NVIC_SetPriority  stm32f4xx_hal_cortex.o
    0x08003fa0   0x08003fa0   0x00000028   Code   RO         1963    i.HAL_NVIC_SetPriorityGrouping  stm32f4xx_hal_cortex.o
    0x08003fc8   0x08003fc8   0x0000008c   Code   RO         1884    i.HAL_PWREx_EnableOverDrive  stm32f4xx_hal_pwr_ex.o
    0x08004054   0x08004054   0x00000184   Code   RO         1092    i.HAL_RCC_ClockConfig  stm32f4xx_hal_rcc.o
    0x080041d8   0x080041d8   0x00000044   Code   RO         1096    i.HAL_RCC_GetClockConfig  stm32f4xx_hal_rcc.o
    0x0800421c   0x0800421c   0x0000000c   Code   RO         1097    i.HAL_RCC_GetHCLKFreq  stm32f4xx_hal_rcc.o
    0x08004228   0x08004228   0x00000020   Code   RO         1099    i.HAL_RCC_GetPCLK1Freq  stm32f4xx_hal_rcc.o
    0x08004248   0x08004248   0x00000020   Code   RO         1100    i.HAL_RCC_GetPCLK2Freq  stm32f4xx_hal_rcc.o
    0x08004268   0x08004268   0x000000b0   Code   RO         1101    i.HAL_RCC_GetSysClockFreq  stm32f4xx_hal_rcc.o
    0x08004318   0x08004318   0x0000049c   Code   RO         1104    i.HAL_RCC_OscConfig  stm32f4xx_hal_rcc.o
    0x080047b4   0x080047b4   0x000000c8   Code   RO         2884    i.HAL_SPI_Init      stm32f4xx_hal_spi.o
    0x0800487c   0x0800487c   0x0000014c   Code   RO          471    i.HAL_SPI_MspInit   spi.o
    0x080049c8   0x080049c8   0x00000240   Code   RO         2893    i.HAL_SPI_TransmitReceive  stm32f4xx_hal_spi.o
    0x08004c08   0x08004c08   0x00000002   Code   RO         3912    i.HAL_TIMEx_BreakCallback  stm32f4xx_hal_tim_ex.o
    0x08004c0a   0x08004c0a   0x00000002   Code   RO         3913    i.HAL_TIMEx_CommutCallback  stm32f4xx_hal_tim_ex.o
    0x08004c0c   0x08004c0c   0x000000b4   Code   RO         3931    i.HAL_TIMEx_MasterConfigSynchronization  stm32f4xx_hal_tim_ex.o
    0x08004cc0   0x08004cc0   0x00000066   Code   RO         3197    i.HAL_TIM_Base_Init  stm32f4xx_hal_tim.o
    0x08004d26   0x08004d26   0x00000002   PAD
    0x08004d28   0x08004d28   0x00000064   Code   RO          513    i.HAL_TIM_Base_MspInit  tim.o
    0x08004d8c   0x08004d8c   0x000000a8   Code   RO         3202    i.HAL_TIM_Base_Start_IT  stm32f4xx_hal_tim.o
    0x08004e34   0x08004e34   0x0000010c   Code   RO         3206    i.HAL_TIM_ConfigClockSource  stm32f4xx_hal_tim.o
    0x08004f40   0x08004f40   0x00000002   Code   RO         3231    i.HAL_TIM_IC_CaptureCallback  stm32f4xx_hal_tim.o
    0x08004f42   0x08004f42   0x0000016c   Code   RO         3245    i.HAL_TIM_IRQHandler  stm32f4xx_hal_tim.o
    0x080050ae   0x080050ae   0x00000002   PAD
    0x080050b0   0x080050b0   0x000000b0   Code   RO          514    i.HAL_TIM_MspPostInit  tim.o
    0x08005160   0x08005160   0x00000002   Code   RO         3248    i.HAL_TIM_OC_DelayElapsedCallback  stm32f4xx_hal_tim.o
    0x08005162   0x08005162   0x00000104   Code   RO         3269    i.HAL_TIM_PWM_ConfigChannel  stm32f4xx_hal_tim.o
    0x08005266   0x08005266   0x00000066   Code   RO         3272    i.HAL_TIM_PWM_Init  stm32f4xx_hal_tim.o
    0x080052cc   0x080052cc   0x00000002   Code   RO         3274    i.HAL_TIM_PWM_MspInit  stm32f4xx_hal_tim.o
    0x080052ce   0x080052ce   0x00000002   Code   RO         3275    i.HAL_TIM_PWM_PulseFinishedCallback  stm32f4xx_hal_tim.o
    0x080052d0   0x080052d0   0x00000018   Code   RO           14    i.HAL_TIM_PeriodElapsedCallback  main.o
    0x080052e8   0x080052e8   0x00000002   Code   RO         3288    i.HAL_TIM_TriggerCallback  stm32f4xx_hal_tim.o
    0x080052ea   0x080052ea   0x00000002   Code   RO         4191    i.HAL_UARTEx_RxEventCallback  stm32f4xx_hal_uart.o
    0x080052ec   0x080052ec   0x0000008a   Code   RO         4203    i.HAL_UART_DMAStop  stm32f4xx_hal_uart.o
    0x08005376   0x08005376   0x00000002   Code   RO         4205    i.HAL_UART_ErrorCallback  stm32f4xx_hal_uart.o
    0x08005378   0x08005378   0x000002e8   Code   RO         4208    i.HAL_UART_IRQHandler  stm32f4xx_hal_uart.o
    0x08005660   0x08005660   0x00000076   Code   RO         4209    i.HAL_UART_Init     stm32f4xx_hal_uart.o
    0x080056d6   0x080056d6   0x00000002   PAD
    0x080056d8   0x080056d8   0x00000238   Code   RO          567    i.HAL_UART_MspInit  usart.o
    0x08005910   0x08005910   0x0000002c   Code   RO         4213    i.HAL_UART_Receive_DMA  stm32f4xx_hal_uart.o
    0x0800593c   0x0800593c   0x00000002   Code   RO         4215    i.HAL_UART_RxCpltCallback  stm32f4xx_hal_uart.o
    0x0800593e   0x0800593e   0x00000002   Code   RO         4216    i.HAL_UART_RxHalfCpltCallback  stm32f4xx_hal_uart.o
    0x08005940   0x08005940   0x00000038   Code   RO         4219    i.HAL_UART_Transmit_IT  stm32f4xx_hal_uart.o
    0x08005978   0x08005978   0x00000044   Code   RO         7945    i.HAL_UART_TxCpltCallback  unitree_a1.o
    0x080059bc   0x080059bc   0x00000004   Code   RO          627    i.HardFault_Handler  stm32f4xx_it.o
    0x080059c0   0x080059c0   0x0000003e   Code   RO         2421    i.I2C_IsAcknowledgeFailed  stm32f4xx_hal_i2c.o
    0x080059fe   0x080059fe   0x00000002   PAD
    0x08005a00   0x08005a00   0x00000160   Code   RO         2432    i.I2C_RequestMemoryRead  stm32f4xx_hal_i2c.o
    0x08005b60   0x08005b60   0x000000e0   Code   RO         2433    i.I2C_RequestMemoryWrite  stm32f4xx_hal_i2c.o
    0x08005c40   0x08005c40   0x00000066   Code   RO         2441    i.I2C_WaitOnBTFFlagUntilTimeout  stm32f4xx_hal_i2c.o
    0x08005ca6   0x08005ca6   0x000000be   Code   RO         2442    i.I2C_WaitOnFlagUntilTimeout  stm32f4xx_hal_i2c.o
    0x08005d64   0x08005d64   0x000000fa   Code   RO         2443    i.I2C_WaitOnMasterAddressFlagUntilTimeout  stm32f4xx_hal_i2c.o
    0x08005e5e   0x08005e5e   0x0000008a   Code   RO         2444    i.I2C_WaitOnRXNEFlagUntilTimeout  stm32f4xx_hal_i2c.o
    0x08005ee8   0x08005ee8   0x00000066   Code   RO         2447    i.I2C_WaitOnTXEFlagUntilTimeout  stm32f4xx_hal_i2c.o
    0x08005f4e   0x08005f4e   0x00000002   PAD
    0x08005f50   0x08005f50   0x0000007c   Code   RO         7472    i.INS_cali_gyro     ins_task.o
    0x08005fcc   0x08005fcc   0x00000048   Code   RO         7473    i.INS_set_cali_gyro  ins_task.o
    0x08006014   0x08006014   0x0000034c   Code   RO         7474    i.INS_task          ins_task.o
    0x08006360   0x08006360   0x00000040   Code   RO          364    i.MX_CAN1_Init      can.o
    0x080063a0   0x080063a0   0x000000a8   Code   RO          404    i.MX_DMA_Init       dma.o
    0x08006448   0x08006448   0x000000b4   Code   RO          271    i.MX_FREERTOS_Init  freertos.o
    0x080064fc   0x080064fc   0x00000220   Code   RO          247    i.MX_GPIO_Init      gpio.o
    0x0800671c   0x0800671c   0x00000058   Code   RO          430    i.MX_I2C3_Init      i2c.o
    0x08006774   0x08006774   0x00000048   Code   RO          472    i.MX_SPI1_Init      spi.o
    0x080067bc   0x080067bc   0x0000006c   Code   RO          515    i.MX_TIM10_Init     tim.o
    0x08006828   0x08006828   0x000000a4   Code   RO          516    i.MX_TIM4_Init      tim.o
    0x080068cc   0x080068cc   0x00000038   Code   RO          568    i.MX_UART7_Init     usart.o
    0x08006904   0x08006904   0x00000038   Code   RO          569    i.MX_USART6_UART_Init  usart.o
    0x0800693c   0x0800693c   0x00000004   Code   RO          628    i.MemManage_Handler  stm32f4xx_it.o
    0x08006940   0x08006940   0x00000004   Code   RO          629    i.NMI_Handler       stm32f4xx_it.o
    0x08006944   0x08006944   0x000001f0   Code   RO         7178    i.PID_calc          pid.o
    0x08006b34   0x08006b34   0x00000060   Code   RO         7180    i.PID_init          pid.o
    0x08006b94   0x08006b94   0x0000000a   Code   RO          272    i.Prepare_Task      freertos.o
    0x08006b9e   0x08006b9e   0x00000002   PAD
    0x08006ba0   0x08006ba0   0x000001cc   Code   RO         7614    i.RC_cmd_to_calibrate  calibrate_task.o
    0x08006d6c   0x08006d6c   0x00000048   Code   RO         7700    i.RFID_STORY        bodanpan_task.o
    0x08006db4   0x08006db4   0x0000273c   Code   RO         6988    i.SPI1_DMA_enable   bsp_spi.o
    0x080094f0   0x080094f0   0x00000180   Code   RO         6989    i.SPI1_DMA_init     bsp_spi.o
    0x08009670   0x08009670   0x00000088   Code   RO         2922    i.SPI_EndRxTxTransaction  stm32f4xx_hal_spi.o
    0x080096f8   0x080096f8   0x000000d8   Code   RO         2927    i.SPI_WaitFlagStateUntilTimeout  stm32f4xx_hal_spi.o
    0x080097d0   0x080097d0   0x00000034   Code   RO         6050    i.SysTick_Handler   port.o
    0x08009804   0x08009804   0x000000bc   Code   RO           15    i.SystemClock_Config  main.o
    0x080098c0   0x080098c0   0x00000014   Code   RO         4553    i.SystemInit        system_stm32f4xx.o
    0x080098d4   0x080098d4   0x00000010   Code   RO          630    i.TIM6_DAC_IRQHandler  stm32f4xx_it.o
    0x080098e4   0x080098e4   0x000000e8   Code   RO         3290    i.TIM_Base_SetConfig  stm32f4xx_hal_tim.o
    0x080099cc   0x080099cc   0x00000016   Code   RO         3301    i.TIM_ETR_SetConfig  stm32f4xx_hal_tim.o
    0x080099e2   0x080099e2   0x00000012   Code   RO         3302    i.TIM_ITRx_SetConfig  stm32f4xx_hal_tim.o
    0x080099f4   0x080099f4   0x00000070   Code   RO         3303    i.TIM_OC1_SetConfig  stm32f4xx_hal_tim.o
    0x08009a64   0x08009a64   0x0000007c   Code   RO         3304    i.TIM_OC2_SetConfig  stm32f4xx_hal_tim.o
    0x08009ae0   0x08009ae0   0x00000078   Code   RO         3305    i.TIM_OC3_SetConfig  stm32f4xx_hal_tim.o
    0x08009b58   0x08009b58   0x00000054   Code   RO         3306    i.TIM_OC4_SetConfig  stm32f4xx_hal_tim.o
    0x08009bac   0x08009bac   0x00000026   Code   RO         3308    i.TIM_TI1_ConfigInputStage  stm32f4xx_hal_tim.o
    0x08009bd2   0x08009bd2   0x00000028   Code   RO         3310    i.TIM_TI2_ConfigInputStage  stm32f4xx_hal_tim.o
    0x08009bfa   0x08009bfa   0x00000002   PAD
    0x08009bfc   0x08009bfc   0x00000014   Code   RO          631    i.UART7_IRQHandler  stm32f4xx_it.o
    0x08009c10   0x08009c10   0x00000014   Code   RO         4222    i.UART_DMAAbortOnError  stm32f4xx_hal_uart.o
    0x08009c24   0x08009c24   0x00000050   Code   RO         4223    i.UART_DMAError     stm32f4xx_hal_uart.o
    0x08009c74   0x08009c74   0x000000b4   Code   RO         4224    i.UART_DMAReceiveCplt  stm32f4xx_hal_uart.o
    0x08009d28   0x08009d28   0x00000024   Code   RO         4226    i.UART_DMARxHalfCplt  stm32f4xx_hal_uart.o
    0x08009d4c   0x08009d4c   0x0000006c   Code   RO         4232    i.UART_EndRxTransfer  stm32f4xx_hal_uart.o
    0x08009db8   0x08009db8   0x00000020   Code   RO         4233    i.UART_EndTransmit_IT  stm32f4xx_hal_uart.o
    0x08009dd8   0x08009dd8   0x00000026   Code   RO         4234    i.UART_EndTxTransfer  stm32f4xx_hal_uart.o
    0x08009dfe   0x08009dfe   0x000000fc   Code   RO         4235    i.UART_Receive_IT   stm32f4xx_hal_uart.o
    0x08009efa   0x08009efa   0x00000002   PAD
    0x08009efc   0x08009efc   0x0000022c   Code   RO         4236    i.UART_SetConfig    stm32f4xx_hal_uart.o
    0x0800a128   0x0800a128   0x000000c8   Code   RO         4237    i.UART_Start_Receive_DMA  stm32f4xx_hal_uart.o
    0x0800a1f0   0x0800a1f0   0x00000060   Code   RO         4239    i.UART_Transmit_IT  stm32f4xx_hal_uart.o
    0x0800a250   0x0800a250   0x00000014   Code   RO          632    i.USART6_IRQHandler  stm32f4xx_it.o
    0x0800a264   0x0800a264   0x00000070   Code   RO         7888    i.USER_SERIAL_SERVO_UART_IDLECallback  serial_servo.o
    0x0800a2d4   0x0800a2d4   0x00000034   Code   RO          634    i.USER_SERIAL_SERVO_UART_IRQHandler  stm32f4xx_it.o
    0x0800a308   0x0800a308   0x000000d8   Code   RO         7946    i.USER_Unitree_A1_Motor_UART_IDLECallback  unitree_a1.o
    0x0800a3e0   0x0800a3e0   0x0000005c   Code   RO          636    i.USER_Unitree_A1_Motor_UART_IRQHandler  stm32f4xx_it.o
    0x0800a43c   0x0800a43c   0x00000028   Code   RO         7947    i.UnitreeSend       unitree_a1.o
    0x0800a464   0x0800a464   0x00000004   Code   RO          637    i.UsageFault_Handler  stm32f4xx_it.o
    0x0800a468   0x0800a468   0x000000f8   Code   RO         7948    i.WriteData         unitree_a1.o
    0x0800a560   0x0800a560   0x00000026   Code   RO         8515    i.__ARM_fpclassifyf  m_wm.l(fpclassifyf.o)
    0x0800a586   0x0800a586   0x00000002   PAD
    0x0800a588   0x0800a588   0x00000010   Code   RO         1969    i.__NVIC_GetPriorityGrouping  stm32f4xx_hal_cortex.o
    0x0800a598   0x0800a598   0x00000028   Code   RO         1970    i.__NVIC_SetPriority  stm32f4xx_hal_cortex.o
    0x0800a5c0   0x0800a5c0   0x0000012c   Code   RO         8332    i.__hardfp_asinf    m_wm.l(asinf.o)
    0x0800a6ec   0x0800a6ec   0x00000250   Code   RO         8344    i.__hardfp_atan2f   m_wm.l(atan2f.o)
    0x0800a93c   0x0800a93c   0x00000014   Code   RO         8356    i.__hardfp_fabs     m_wm.l(fabs.o)
    0x0800a950   0x0800a950   0x0000003a   Code   RO         8374    i.__hardfp_sqrtf    m_wm.l(sqrtf_full.o)
    0x0800a98a   0x0800a98a   0x00000006   Code   RO         8518    i.__mathlib_flt_infnan  m_wm.l(funder.o)
    0x0800a990   0x0800a990   0x00000006   Code   RO         8519    i.__mathlib_flt_infnan2  m_wm.l(funder.o)
    0x0800a996   0x0800a996   0x00000002   PAD
    0x0800a998   0x0800a998   0x00000010   Code   RO         8520    i.__mathlib_flt_invalid  m_wm.l(funder.o)
    0x0800a9a8   0x0800a9a8   0x00000010   Code   RO         8523    i.__mathlib_flt_underflow  m_wm.l(funder.o)
    0x0800a9b8   0x0800a9b8   0x000001d0   Code   RO         8039    i.accel_comple_filter  AHRS.lib(ahrs.o)
    0x0800ab88   0x0800ab88   0x0000018c   Code   RO         8040    i.accel_update_kp_ki  AHRS.lib(ahrs.o)
    0x0800ad14   0x0800ad14   0x0000016c   Code   RO         8041    i.angle_to_quat     AHRS.lib(ahrs.o)
    0x0800ae80   0x0800ae80   0x00000050   Code   RO         7750    i.arm_task          arm_task.o
    0x0800aed0   0x0800aed0   0x00000134   Code   RO         6403    i.bmi088_accel_init  bmi088driver.o
    0x0800b004   0x0800b004   0x000002fc   Code   RO         6404    i.bmi088_accel_self_test  bmi088driver.o
    0x0800b300   0x0800b300   0x000000f4   Code   RO         6405    i.bmi088_gyro_init  bmi088driver.o
    0x0800b3f4   0x0800b3f4   0x000000d0   Code   RO         6406    i.bmi088_gyro_self_test  bmi088driver.o
    0x0800b4c4   0x0800b4c4   0x0000002c   Code   RO         7306    i.bodanpan_init     bodanpan.o
    0x0800b4f0   0x0800b4f0   0x00000110   Code   RO         7701    i.bodanpan_motor_control  bodanpan_task.o
    0x0800b600   0x0800b600   0x0000005c   Code   RO         7702    i.bodanpan_motor_init  bodanpan_task.o
    0x0800b65c   0x0800b65c   0x000000b8   Code   RO         7307    i.bodanpan_position_set  bodanpan.o
    0x0800b714   0x0800b714   0x00000010   Code   RO         6954    i.buzzer_off        bsp_buzzer.o
    0x0800b724   0x0800b724   0x00000014   Code   RO         6955    i.buzzer_on         bsp_buzzer.o
    0x0800b738   0x0800b738   0x000000ec   Code   RO         7615    i.cali_data_read    calibrate_task.o
    0x0800b824   0x0800b824   0x0000008c   Code   RO         7616    i.cali_data_write   calibrate_task.o
    0x0800b8b0   0x0800b8b0   0x00000068   Code   RO         7617    i.cali_gyro_hook    calibrate_task.o
    0x0800b918   0x0800b918   0x00000044   Code   RO         7618    i.cali_head_hook    calibrate_task.o
    0x0800b95c   0x0800b95c   0x000000b8   Code   RO         7619    i.cali_param_init   calibrate_task.o
    0x0800ba14   0x0800ba14   0x0000014c   Code   RO         7620    i.calibrate_task    calibrate_task.o
    0x0800bb60   0x0800bb60   0x0000003c   Code   RO         6800    i.can_filter_init   bsp_can.o
    0x0800bb9c   0x0800bb9c   0x0000000e   Code   RO         7221    i.chassis_V_control  chassis_behaviour.o
    0x0800bbaa   0x0800bbaa   0x00000002   PAD
    0x0800bbac   0x0800bbac   0x000000a0   Code   RO         7222    i.chassis_behaviour_control_set  chassis_behaviour.o
    0x0800bc4c   0x0800bc4c   0x00000018   Code   RO         7223    i.chassis_code_reset  chassis_behaviour.o
    0x0800bc64   0x0800bc64   0x000001b4   Code   RO         7392    i.chassis_control_loop  chassis_task.o
    0x0800be18   0x0800be18   0x0000025c   Code   RO         7393    i.chassis_feedback_update  chassis_task.o
    0x0800c074   0x0800c074   0x00000040   Code   RO         7224    i.chassis_infrared_control  chassis_behaviour.o
    0x0800c0b4   0x0800c0b4   0x00000100   Code   RO         7394    i.chassis_init      chassis_task.o
    0x0800c1b4   0x0800c1b4   0x000000d4   Code   RO         7225    i.chassis_move_and_rotate_control  chassis_behaviour.o
    0x0800c288   0x0800c288   0x0000025c   Code   RO         7395    i.chassis_set_contorl  chassis_task.o
    0x0800c4e4   0x0800c4e4   0x0000002c   Code   RO         7226    i.chassis_stop_control  chassis_behaviour.o
    0x0800c510   0x0800c510   0x00000068   Code   RO         7397    i.chassis_task      chassis_task.o
    0x0800c578   0x0800c578   0x000001ac   Code   RO         7227    i.chassis_ultrasonic_control  chassis_behaviour.o
    0x0800c724   0x0800c724   0x00000060   Code   RO         7398    i.chassis_vector_to_omni_wheel_speed  chassis_task.o
    0x0800c784   0x0800c784   0x0000005c   Code   RO         7949    i.crc32_core        unitree_a1.o
    0x0800c7e0   0x0800c7e0   0x00000022   Code   RO         7950    i.data_rx_copy      unitree_a1.o
    0x0800c802   0x0800c802   0x00000002   PAD
    0x0800c804   0x0800c804   0x00000030   Code   RO         6828    i.delay_init        bsp_delay.o
    0x0800c834   0x0800c834   0x00000050   Code   RO         6830    i.delay_us          bsp_delay.o
    0x0800c884   0x0800c884   0x0000002e   Code   RO         6869    i.flash_erase_address  bsp_flash.o
    0x0800c8b2   0x0800c8b2   0x00000014   Code   RO         6870    i.flash_read        bsp_flash.o
    0x0800c8c6   0x0800c8c6   0x00000002   PAD
    0x0800c8c8   0x0800c8c8   0x00000098   Code   RO         6872    i.flash_write_single_address  bsp_flash.o
    0x0800c960   0x0800c960   0x0000002a   Code   RO         6282    i.fp32_constrain    user_lib.o
    0x0800c98a   0x0800c98a   0x00000002   PAD
    0x0800c98c   0x0800c98c   0x000000f4   Code   RO         6873    i.ger_sector        bsp_flash.o
    0x0800ca80   0x0800ca80   0x00000008   Code   RO         7475    i.get_INS_angle_point  ins_task.o
    0x0800ca88   0x0800ca88   0x000000e8   Code   RO         8042    i.get_angle         AHRS.lib(ahrs.o)
    0x0800cb70   0x0800cb70   0x00000018   Code   RO         7025    i.get_chassis_motor_measure_point  can_receive.o
    0x0800cb88   0x0800cb88   0x0000000c   Code   RO         7621    i.get_control_temperature  calibrate_task.o
    0x0800cb94   0x0800cb94   0x000000e8   Code   RO         6874    i.get_next_flash_address  bsp_flash.o
    0x0800cc7c   0x0800cc7c   0x00000054   Code   RO         7480    i.gyro_offset_calc  ins_task.o
    0x0800ccd0   0x0800ccd0   0x0000012c   Code   RO         7481    i.imu_cali_slove    ins_task.o
    0x0800cdfc   0x0800cdfc   0x000001a8   Code   RO         7482    i.imu_cmd_spi_dma   ins_task.o
    0x0800cfa4   0x0800cfa4   0x0000000c   Code   RO         6926    i.imu_pwm_set       bsp_imu_pwm.o
    0x0800cfb0   0x0800cfb0   0x000000b8   Code   RO         7483    i.imu_temp_control  ins_task.o
    0x0800d068   0x0800d068   0x00000002   Code   RO         6721    i.ist8310_GPIO_init  ist8310driver_middleware.o
    0x0800d06a   0x0800d06a   0x00000002   PAD
    0x0800d06c   0x0800d06c   0x00000028   Code   RO         6723    i.ist8310_IIC_read_single_reg  ist8310driver_middleware.o
    0x0800d094   0x0800d094   0x00000028   Code   RO         6725    i.ist8310_IIC_write_single_reg  ist8310driver_middleware.o
    0x0800d0bc   0x0800d0bc   0x00000014   Code   RO         6726    i.ist8310_RST_H     ist8310driver_middleware.o
    0x0800d0d0   0x0800d0d0   0x00000014   Code   RO         6727    i.ist8310_RST_L     ist8310driver_middleware.o
    0x0800d0e4   0x0800d0e4   0x00000002   Code   RO         6728    i.ist8310_com_init  ist8310driver_middleware.o
    0x0800d0e6   0x0800d0e6   0x0000000c   Code   RO         6729    i.ist8310_delay_ms  ist8310driver_middleware.o
    0x0800d0f2   0x0800d0f2   0x00000002   PAD
    0x0800d0f4   0x0800d0f4   0x00000094   Code   RO         6686    i.ist8310_init      ist8310driver.o
    0x0800d188   0x0800d188   0x00000044   Code   RO           16    i.main              main.o
    0x0800d1cc   0x0800d1cc   0x0000000e   Code   RO         5615    i.makeFreeRtosPriority  cmsis_os.o
    0x0800d1da   0x0800d1da   0x00000002   PAD
    0x0800d1dc   0x0800d1dc   0x00000058   Code   RO         7951    i.modfiy_mix_cmd    unitree_a1.o
    0x0800d234   0x0800d234   0x0000007c   Code   RO         7954    i.modfiy_torque_cmd  unitree_a1.o
    0x0800d2b0   0x0800d2b0   0x00000018   Code   RO         5617    i.osDelay           cmsis_os.o
    0x0800d2c8   0x0800d2c8   0x0000000a   Code   RO         5620    i.osKernelStart     cmsis_os.o
    0x0800d2d2   0x0800d2d2   0x0000005e   Code   RO         5654    i.osThreadCreate    cmsis_os.o
    0x0800d330   0x0800d330   0x00000030   Code   RO         5082    i.pcTaskGetName     tasks.o
    0x0800d360   0x0800d360   0x000000a4   Code   RO         5083    i.prvAddCurrentTaskToDelayedList  tasks.o
    0x0800d404   0x0800d404   0x000000b4   Code   RO         5084    i.prvAddNewTaskToReadyList  tasks.o
    0x0800d4b8   0x0800d4b8   0x00000074   Code   RO         5447    i.prvCheckForValidListAndQueue  timers.o
    0x0800d52c   0x0800d52c   0x00000048   Code   RO         5085    i.prvCheckTasksWaitingTermination  tasks.o
    0x0800d574   0x0800d574   0x0000002a   Code   RO         4730    i.prvCopyDataFromQueue  queue.o
    0x0800d59e   0x0800d59e   0x0000007e   Code   RO         4731    i.prvCopyDataToQueue  queue.o
    0x0800d61c   0x0800d61c   0x00000050   Code   RO         5086    i.prvDeleteTCB      tasks.o
    0x0800d66c   0x0800d66c   0x00000028   Code   RO         5448    i.prvGetNextExpireTime  timers.o
    0x0800d694   0x0800d694   0x0000007c   Code   RO         5994    i.prvHeapInit       heap_4.o
    0x0800d710   0x0800d710   0x00000028   Code   RO         5087    i.prvIdleTask       tasks.o
    0x0800d738   0x0800d738   0x00000026   Code   RO         4734    i.prvInitialiseNewQueue  queue.o
    0x0800d75e   0x0800d75e   0x000000c2   Code   RO         5088    i.prvInitialiseNewTask  tasks.o
    0x0800d820   0x0800d820   0x00000068   Code   RO         5089    i.prvInitialiseTaskLists  tasks.o
    0x0800d888   0x0800d888   0x00000068   Code   RO         5995    i.prvInsertBlockIntoFreeList  heap_4.o
    0x0800d8f0   0x0800d8f0   0x00000058   Code   RO         5450    i.prvInsertTimerInActiveList  timers.o
    0x0800d948   0x0800d948   0x0000001a   Code   RO         4735    i.prvIsQueueEmpty   queue.o
    0x0800d962   0x0800d962   0x0000001e   Code   RO         4736    i.prvIsQueueFull    queue.o
    0x0800d980   0x0800d980   0x00000074   Code   RO         5451    i.prvProcessExpiredTimer  timers.o
    0x0800d9f4   0x0800d9f4   0x00000164   Code   RO         5452    i.prvProcessReceivedCommands  timers.o
    0x0800db58   0x0800db58   0x00000074   Code   RO         5453    i.prvProcessTimerOrBlockTask  timers.o
    0x0800dbcc   0x0800dbcc   0x00000034   Code   RO         5090    i.prvResetNextTaskUnblockTime  tasks.o
    0x0800dc00   0x0800dc00   0x0000002c   Code   RO         5454    i.prvSampleTimeNow  timers.o
    0x0800dc2c   0x0800dc2c   0x000000b0   Code   RO         5091    i.prvSearchForNameWithinSingleList  tasks.o
    0x0800dcdc   0x0800dcdc   0x000000a4   Code   RO         5455    i.prvSwitchTimerLists  timers.o
    0x0800dd80   0x0800dd80   0x00000016   Code   RO         5092    i.prvTaskCheckFreeStackSpace  tasks.o
    0x0800dd96   0x0800dd96   0x00000002   PAD
    0x0800dd98   0x0800dd98   0x00000040   Code   RO         6051    i.prvTaskExitError  port.o
    0x0800ddd8   0x0800ddd8   0x0000001a   Code   RO         5456    i.prvTimerTask      timers.o
    0x0800ddf2   0x0800ddf2   0x0000007e   Code   RO         4737    i.prvUnlockQueue    queue.o
    0x0800de70   0x0800de70   0x0000014c   Code   RO         5996    i.pvPortMalloc      heap_4.o
    0x0800dfbc   0x0800dfbc   0x0000002c   Code   RO         6052    i.pxPortInitialiseStack  port.o
    0x0800dfe8   0x0800dfe8   0x00000084   Code   RO         8047    i.quat_normalization  AHRS.lib(ahrs.o)
    0x0800e06c   0x0800e06c   0x00000028   Code   RO         7892    i.serial_servo_UART_Init  serial_servo.o
    0x0800e094   0x0800e094   0x0000003e   Code   RO         8376    i.sqrtf             m_wm.l(sqrtf_full.o)
    0x0800e0d2   0x0800e0d2   0x00000002   PAD
    0x0800e0d4   0x0800e0d4   0x00000074   Code   RO         5095    i.ulTaskNotifyTake  tasks.o
    0x0800e148   0x0800e148   0x0000009c   Code   RO         7955    i.unitree_Uart_Init  unitree_a1.o
    0x0800e1e4   0x0800e1e4   0x0000002c   Code   RO         7788    i.unitree_check_zero_pose  arm_ctrl.o
    0x0800e210   0x0800e210   0x00000074   Code   RO         7790    i.unitree_pos_pid_ctrl  arm_ctrl.o
    0x0800e284   0x0800e284   0x00000054   Code   RO         7791    i.unitree_save_check  arm_ctrl.o
    0x0800e2d8   0x0800e2d8   0x00000038   Code   RO         7793    i.unitree_torque_ctrl  arm_ctrl.o
    0x0800e310   0x0800e310   0x00000118   Code   RO         7794    i.unitree_w_pid_ctrl  arm_ctrl.o
    0x0800e428   0x0800e428   0x0000007a   Code   RO         8048    i.update_w          AHRS.lib(ahrs.o)
    0x0800e4a2   0x0800e4a2   0x00000028   Code   RO         4690    i.uxListRemove      list.o
    0x0800e4ca   0x0800e4ca   0x00000002   PAD
    0x0800e4cc   0x0800e4cc   0x00000028   Code   RO         5098    i.uxTaskGetStackHighWaterMark  tasks.o
    0x0800e4f4   0x0800e4f4   0x00000018   Code   RO          274    i.vApplicationGetIdleTaskMemory  freertos.o
    0x0800e50c   0x0800e50c   0x00000018   Code   RO          275    i.vApplicationGetTimerTaskMemory  freertos.o
    0x0800e524   0x0800e524   0x0000001a   Code   RO         4691    i.vListInitialise   list.o
    0x0800e53e   0x0800e53e   0x00000006   Code   RO         4692    i.vListInitialiseItem  list.o
    0x0800e544   0x0800e544   0x00000034   Code   RO         4693    i.vListInsert       list.o
    0x0800e578   0x0800e578   0x00000018   Code   RO         4694    i.vListInsertEnd    list.o
    0x0800e590   0x0800e590   0x00000054   Code   RO         6054    i.vPortEnterCritical  port.o
    0x0800e5e4   0x0800e5e4   0x0000003c   Code   RO         6055    i.vPortExitCritical  port.o
    0x0800e620   0x0800e620   0x000000a4   Code   RO         5997    i.vPortFree         heap_4.o
    0x0800e6c4   0x0800e6c4   0x00000028   Code   RO         6056    i.vPortSetupTimerInterrupt  port.o
    0x0800e6ec   0x0800e6ec   0x00000078   Code   RO         6057    i.vPortValidateInterruptPriority  port.o
    0x0800e764   0x0800e764   0x0000002c   Code   RO         4741    i.vQueueAddToRegistry  queue.o
    0x0800e790   0x0800e790   0x0000004a   Code   RO         4744    i.vQueueWaitForMessageRestricted  queue.o
    0x0800e7da   0x0800e7da   0x00000002   PAD
    0x0800e7dc   0x0800e7dc   0x0000005c   Code   RO         5102    i.vTaskDelay        tasks.o
    0x0800e838   0x0800e838   0x00000018   Code   RO         5106    i.vTaskInternalSetTimeOutState  tasks.o
    0x0800e850   0x0800e850   0x0000000c   Code   RO         5107    i.vTaskMissedYield  tasks.o
    0x0800e85c   0x0800e85c   0x000000f0   Code   RO         5108    i.vTaskNotifyGiveFromISR  tasks.o
    0x0800e94c   0x0800e94c   0x00000038   Code   RO         5109    i.vTaskPlaceOnEventList  tasks.o
    0x0800e984   0x0800e984   0x00000040   Code   RO         5110    i.vTaskPlaceOnEventListRestricted  tasks.o
    0x0800e9c4   0x0800e9c4   0x000000b8   Code   RO         5117    i.vTaskStartScheduler  tasks.o
    0x0800ea7c   0x0800ea7c   0x00000010   Code   RO         5119    i.vTaskSuspendAll   tasks.o
    0x0800ea8c   0x0800ea8c   0x0000008c   Code   RO         5120    i.vTaskSwitchContext  tasks.o
    0x0800eb18   0x0800eb18   0x00000168   Code   RO         6058    i.xPortStartScheduler  port.o
    0x0800ec80   0x0800ec80   0x000000e0   Code   RO         4748    i.xQueueGenericCreateStatic  queue.o
    0x0800ed60   0x0800ed60   0x00000098   Code   RO         4749    i.xQueueGenericReset  queue.o
    0x0800edf8   0x0800edf8   0x000001a8   Code   RO         4750    i.xQueueGenericSend  queue.o
    0x0800efa0   0x0800efa0   0x000000fc   Code   RO         4751    i.xQueueGenericSendFromISR  queue.o
    0x0800f09c   0x0800f09c   0x00000168   Code   RO         4759    i.xQueueReceive     queue.o
    0x0800f204   0x0800f204   0x000000a8   Code   RO         5123    i.xTaskCheckForTimeOut  tasks.o
    0x0800f2ac   0x0800f2ac   0x00000064   Code   RO         5124    i.xTaskCreate       tasks.o
    0x0800f310   0x0800f310   0x000000ba   Code   RO         5125    i.xTaskCreateStatic  tasks.o
    0x0800f3ca   0x0800f3ca   0x00000002   PAD
    0x0800f3cc   0x0800f3cc   0x000000a4   Code   RO         5129    i.xTaskGetHandle    tasks.o
    0x0800f470   0x0800f470   0x00000020   Code   RO         5130    i.xTaskGetSchedulerState  tasks.o
    0x0800f490   0x0800f490   0x0000000c   Code   RO         5131    i.xTaskGetTickCount  tasks.o
    0x0800f49c   0x0800f49c   0x00000148   Code   RO         5133    i.xTaskIncrementTick  tasks.o
    0x0800f5e4   0x0800f5e4   0x000000c8   Code   RO         5136    i.xTaskPriorityDisinherit  tasks.o
    0x0800f6ac   0x0800f6ac   0x00000098   Code   RO         5138    i.xTaskRemoveFromEventList  tasks.o
    0x0800f744   0x0800f744   0x00000104   Code   RO         5139    i.xTaskResumeAll    tasks.o
    0x0800f848   0x0800f848   0x00000078   Code   RO         5463    i.xTimerCreateTimerTask  timers.o
    0x0800f8c0   0x0800f8c0   0x00000084   Code   RO         5464    i.xTimerGenericCommand  timers.o
    0x0800f944   0x0800f944   0x000002c4   Code   RO         8306    x$fpl$d2f           g_wm.l(d2f_clz.o)
    0x0800fc08   0x0800fc08   0x00000018   Code   RO         8576    x$fpl$dcmpinf       g_wm.l(dcmpi.o)
    0x0800fc20   0x0800fc20   0x0000002e   Code   RO         8309    x$fpl$dflt          g_wm.l(dflt_clz.o)
    0x0800fc4e   0x0800fc4e   0x0000001a   Code   RO         8310    x$fpl$dfltn         g_wm.l(dflt_clz.o)
    0x0800fc68   0x0800fc68   0x00000078   Code   RO         8486    x$fpl$dleqf         g_wm.l(dleqf.o)
    0x0800fce0   0x0800fce0   0x000001c0   Code   RO         8314    x$fpl$dmul          g_wm.l(dmul_clz.o)
    0x0800fea0   0x0800fea0   0x00000102   Code   RO         8488    x$fpl$dnaninf       g_wm.l(dnaninf.o)
    0x0800ffa2   0x0800ffa2   0x00000070   Code   RO         8490    x$fpl$drenorm       g_wm.l(drenorm_clz.o)
    0x08010012   0x08010012   0x0000000c   Code   RO         8492    x$fpl$dretinf       g_wm.l(dretinf.o)
    0x0801001e   0x0801001e   0x00000062   Code   RO         8316    x$fpl$drleqf        g_wm.l(drleqf.o)
    0x08010080   0x08010080   0x0000017a   Code   RO         8494    x$fpl$dunder        g_wm.l(dunder_clz.o)
    0x080101fa   0x080101fa   0x00000002   PAD
    0x080101fc   0x080101fc   0x000001ec   Code   RO         8496    x$fpl$exception     g_wm.l(except.o)
    0x080103e8   0x080103e8   0x0000007a   Code   RO         8318    x$fpl$f2d           g_wm.l(f2d.o)
    0x08010462   0x08010462   0x000000f2   Code   RO         8498    x$fpl$fnaninf       g_wm.l(fnaninf.o)
    0x08010554   0x08010554   0x0000000a   Code   RO         8711    x$fpl$fpinit        g_wm.l(fpinit.o)
    0x0801055e   0x0801055e   0x0000000a   Code   RO         8500    x$fpl$fretinf       g_wm.l(fretinf.o)
    0x08010568   0x08010568   0x0000013c   Code   RO         8502    x$fpl$funder        g_wm.l(funder_clz.o)
    0x080106a4   0x080106a4   0x000000b2   Code   RO         8578    x$fpl$retnan        g_wm.l(retnan.o)
    0x08010756   0x08010756   0x0000007e   Code   RO         8512    x$fpl$trapveneer    g_wm.l(trapv.o)
    0x080107d4   0x080107d4   0x00000000   Code   RO         8514    x$fpl$usenofp       g_wm.l(usenofp.o)
    0x080107d4   0x080107d4   0x000000a8   Data   RO          277    .constdata          freertos.o
    0x0801087c   0x0801087c   0x00000008   Data   RO         1667    .constdata          stm32f4xx_hal_dma.o
    0x08010884   0x08010884   0x00000018   Data   RO         4554    .constdata          system_stm32f4xx.o
    0x0801089c   0x0801089c   0x00000012   Data   RO         6411    .constdata          bmi088driver.o
    0x080108ae   0x080108ae   0x0000000c   Data   RO         6689    .constdata          ist8310driver.o
    0x080108ba   0x080108ba   0x00000002   PAD
    0x080108bc   0x080108bc   0x00000030   Data   RO         7400    .constdata          chassis_task.o
    0x080108ec   0x080108ec   0x00000018   Data   RO         7485    .constdata          ins_task.o
    0x08010904   0x08010904   0x0000000c   Data   RO         7624    .constdata          calibrate_task.o
    0x08010910   0x08010910   0x00000018   Data   RO         7704    .constdata          bodanpan_task.o
    0x08010928   0x08010928   0x00000018   Data   RO         7796    .constdata          arm_ctrl.o
    0x08010940   0x08010940   0x0000000c   Data   RO         8049    .constdata          AHRS.lib(ahrs.o)
    0x0801094c   0x0801094c   0x00000804   Data   RO         8259    .constdata          arm_cortexM4lf_math.lib(arm_common_tables.o)
    0x08011150   0x08011150   0x00000044   Data   RO          278    .conststring        freertos.o
    0x08011194   0x08011194   0x00000020   Data   RO         8767    Region$$Table       anon$$obj.o


    Execution Region RW_IRAM2 (Exec base: 0x10000000, Load base: 0x08011260, Size: 0x00000000, Max: 0x00010000, ABSOLUTE)

    **** No section assigned to this execution region ****


    Execution Region RW_IRAM1 (Exec base: 0x20000000, Load base: 0x080111b4, Size: 0x00005ba8, Max: 0x00030000, ABSOLUTE, COMPRESSED[0x000000ac])

    Exec Addr    Load Addr    Size         Type   Attr      Idx    E Section Name        Object

    0x20000000   COMPRESSED   0x00000018   Data   RW          279    .data               freertos.o
    0x20000018   COMPRESSED   0x00000009   Data   RW         2125    .data               stm32f4xx_hal.o
    0x20000021   COMPRESSED   0x00000003   PAD
    0x20000024   COMPRESSED   0x00000004   Data   RW         4555    .data               system_stm32f4xx.o
    0x20000028   COMPRESSED   0x0000003c   Data   RW         5142    .data               tasks.o
    0x20000064   COMPRESSED   0x00000014   Data   RW         5472    .data               timers.o
    0x20000078   COMPRESSED   0x00000020   Data   RW         6003    .data               heap_4.o
    0x20000098   COMPRESSED   0x0000000c   Data   RW         6059    .data               port.o
    0x200000a4   COMPRESSED   0x0000002c   Data   RW         6412    .data               bmi088driver.o
    0x200000d0   COMPRESSED   0x00000008   Data   RW         6831    .data               bsp_delay.o
    0x200000d8   COMPRESSED   0x00000010   Data   RW         6875    .data               bsp_flash.o
    0x200000e8   COMPRESSED   0x00000015   Data   RW         7028    .data               can_receive.o
    0x200000fd   COMPRESSED   0x00000004   Data   RW         7228    .data               chassis_behaviour.o
    0x20000101   COMPRESSED   0x00000001   Data   RW         7359    .data               vofa.o
    0x20000102   COMPRESSED   0x00000002   PAD
    0x20000104   COMPRESSED   0x00000013   Data   RW         7401    .data               chassis_task.o
    0x20000117   COMPRESSED   0x00000001   PAD
    0x20000118   COMPRESSED   0x000000a0   Data   RW         7486    .data               ins_task.o
    0x200001b8   COMPRESSED   0x00000048   Data   RW         7625    .data               calibrate_task.o
    0x20000200   COMPRESSED   0x00000003   Data   RW         7705    .data               bodanpan_task.o
    0x20000203   COMPRESSED   0x00000001   PAD
    0x20000204   COMPRESSED   0x00000009   Data   RW         7751    .data               arm_task.o
    0x2000020d   COMPRESSED   0x00000003   PAD
    0x20000210   COMPRESSED   0x0000002a   Data   RW         7797    .data               arm_ctrl.o
    0x2000023a   COMPRESSED   0x00000002   PAD
    0x2000023c   COMPRESSED   0x00000008   Data   RW         7957    .data               unitree_a1.o
    0x20000244   COMPRESSED   0x00000010   Data   RW         8050    .data               AHRS.lib(ahrs.o)
    0x20000254        -       0x000006a8   Zero   RW          276    .bss                freertos.o
    0x200008fc        -       0x00000028   Zero   RW          365    .bss                can.o
    0x20000924        -       0x00000054   Zero   RW          431    .bss                i2c.o
    0x20000978        -       0x00000118   Zero   RW          473    .bss                spi.o
    0x20000a90        -       0x00000090   Zero   RW          517    .bss                tim.o
    0x20000b20        -       0x00000210   Zero   RW          570    .bss                usart.o
    0x20000d30        -       0x00000048   Zero   RW          821    .bss                stm32f4xx_hal_timebase_tim.o
    0x20000d78        -       0x00000020   Zero   RW         1276    .bss                stm32f4xx_hal_flash.o
    0x20000d98        -       0x00000040   Zero   RW         4762    .bss                queue.o
    0x20000dd8        -       0x000000f0   Zero   RW         5141    .bss                tasks.o
    0x20000ec8        -       0x00000110   Zero   RW         5471    .bss                timers.o
    0x20000fd8        -       0x00003c00   Zero   RW         6002    .bss                heap_4.o
    0x20004bd8        -       0x000000a8   Zero   RW         7027    .bss                can_receive.o
    0x20004c80        -       0x00000030   Zero   RW         7309    .bss                bodanpan.o
    0x20004cb0        -       0x000002a0   Zero   RW         7399    .bss                chassis_task.o
    0x20004f50        -       0x00000140   Zero   RW         7484    .bss                ins_task.o
    0x20005090        -       0x000000d4   Zero   RW         7623    .bss                calibrate_task.o
    0x20005164        -       0x000000d8   Zero   RW         7703    .bss                bodanpan_task.o
    0x2000523c        -       0x00000176   Zero   RW         7795    .bss                arm_ctrl.o
    0x200053b2        -       0x000000a8   Zero   RW         7893    .bss                serial_servo.o
    0x2000545a        -       0x000000ea   Zero   RW         7956    .bss                unitree_a1.o
    0x20005544        -       0x00000060   Zero   RW         8581    .bss                c_w.l(libspace.o)
    0x200055a4   COMPRESSED   0x00000004   PAD
    0x200055a8        -       0x00000200   Zero   RW            2    HEAP                startup_stm32f427xx.o
    0x200057a8        -       0x00000400   Zero   RW            1    STACK               startup_stm32f427xx.o


==============================================================================

Image component sizes


      Code (inc. data)   RO Data    RW Data    ZI Data      Debug   Object Name

       168          4          0          0          0       5468   ahrs_middleware.o
       672        116         24         42        374       7347   arm_ctrl.o
        80         14          0          9          0        813   arm_task.o
      2338         40         18         44          0     650139   bmi088driver.o
       140         28          0          0          0       4828   bmi088middleware.o
       228         20          0          0         48       2635   bodanpan.o
       584         86         24          3        216       2783   bodanpan_task.o
        36         12          0          0          0        977   bsp_buzzer.o
        60          4          0          0          0        562   bsp_can.o
       128         20          0          8          0       1316   bsp_delay.o
       694        108          0         16          0       4025   bsp_flash.o
        12          4          0          0          0        494   bsp_imu_pwm.o
     10428        170          0          0          0       5646   bsp_spi.o
      1536        124         12         72        212       6641   calibrate_task.o
       216         22          0          0         40       1689   can.o
       780         56          0         21        168     616012   can_receive.o
       946         50          0          4          0      10305   chassis_behaviour.o
      2100        146         48         19        672       8605   chassis_task.o
       142          0          0          0          0      22883   cmsis_os.o
       168          6          0          0          0        850   dma.o
         0          0          0          0          0      19700   event_groups.o
       238         48        236         24       1704       9716   freertos.o
       544         24          0          0          0       1311   gpio.o
       724         74          0         32      15360       4887   heap_4.o
       288         30          0          0         84       1765   i2c.o
      4408        334         24        160        320      21455   ins_task.o
       148          6         12          0          0       1947   ist8310driver.o
       136         22          0          0          0       4007   ist8310driver_middleware.o
       148          0          0          0          0       3586   list.o
       286         14          0          0          0     808880   main.o
       592          8          0          0          0       2438   pid.o
      1014         92          0         12          0      12081   port.o
      1918         20          0          0         64      17408   queue.o
       152         26          0          0        168       2081   serial_servo.o
       404         38          0          0        280       1935   spi.o
        64         26        428          0       1536        848   startup_stm32f427xx.o
        96         20          0          9          0       8250   stm32f4xx_hal.o
      2148          6          0          0          0      14447   stm32f4xx_hal_can.o
       260         22          0          0          0      33578   stm32f4xx_hal_cortex.o
      1436         16          8          0          0       7062   stm32f4xx_hal_dma.o
       668         62          0          0         32       6018   stm32f4xx_hal_flash.o
       476         24          0          0          0       3314   stm32f4xx_hal_flash_ex.o
       568         58          0          0          0       2775   stm32f4xx_hal_gpio.o
      3016         48          0          0          0      11918   stm32f4xx_hal_i2c.o
       156          0          0          0          0       1927   stm32f4xx_hal_i2c_ex.o
        84          6          0          0          0        866   stm32f4xx_hal_msp.o
       140         12          0          0          0       1288   stm32f4xx_hal_pwr_ex.o
      1888         94          0          0          0       6301   stm32f4xx_hal_rcc.o
      1128         14          0          0          0       4725   stm32f4xx_hal_spi.o
      2064        112          0          0          0      15072   stm32f4xx_hal_tim.o
       184         30          0          0          0       2541   stm32f4xx_hal_tim_ex.o
       180         20          0          0         72       1475   stm32f4xx_hal_timebase_tim.o
      2706         28          0          0          0      15742   stm32f4xx_hal_uart.o
       374         72          0          0          0      11630   stm32f4xx_it.o
         0          0          0          0          0        392   stream_buffer.o
        20          6         24          4          0       1139   system_stm32f4xx.o
      3718        420          0         60        240      33709   tasks.o
       548         50          0          0        144       3159   tim.o
      1318        124          0         20        272      30631   timers.o
      1454        132          0          8        234       7444   unitree_a1.o
       680         68          0          0        528       2751   usart.o
        42          0          0          0          0       1277   user_lib.o
         0          0          0          1          0        620   vofa.o

    ----------------------------------------------------------------------
     57926       3236        892        580      22768    2498114   Object Totals
         0          0         32          0          0          0   (incl. Generated)
        54          0          2         12          0          0   (incl. Padding)

    ----------------------------------------------------------------------

      Code (inc. data)   RO Data    RW Data    ZI Data      Debug   Library Member Name

      2718         84         12         16          0       9922   ahrs.o
         0          0       2052          0          0       4636   arm_common_tables.o
       120         12          0          0          0      16970   arm_cos_f32.o
       116         12          0          0          0        658   arm_sin_f32.o
        90          0          0          0          0          0   __dczerorl2.o
         8          0          0          0          0         68   __main.o
         0          0          0          0          0          0   __rtentry.o
        12          0          0          0          0          0   __rtentry2.o
         6          0          0          0          0          0   __rtentry4.o
        52          8          0          0          0          0   __scatter.o
        28          0          0          0          0          0   __scatter_zi.o
        48          4          0          0          0         84   _fptrap.o
        22          0          0          0          0        100   _rserrno.o
        16          0          0          0          0         68   aeabi_memset.o
        10          0          0          0          0         68   defsig_exit.o
       172        110          0          0          0         76   defsig_fpe_inner.o
        14          0          0          0          0         80   defsig_fpe_outer.o
        50          0          0          0          0         88   defsig_general.o
        18          0          0          0          0         80   exit.o
         6          0          0          0          0        152   heapauxi.o
         0          0          0          0          0          0   indicate_semi.o
         2          0          0          0          0          0   libinit.o
         6          0          0          0          0          0   libinit2.o
         2          0          0          0          0          0   libshutdown.o
         2          0          0          0          0          0   libshutdown2.o
         8          4          0          0         96         68   libspace.o
       238          0          0          0          0        100   lludivv7m.o
         8          4          0          0          0         68   rt_errno_addr_intlibspace.o
        68          0          0          0          0         68   rt_memclr.o
        78          0          0          0          0         80   rt_memclr_w.o
       138          0          0          0          0         68   rt_memcpy_v6.o
       100          0          0          0          0         80   rt_memcpy_w.o
         2          0          0          0          0          0   rtexit.o
        10          0          0          0          0          0   rtexit2.o
        62          0          0          0          0         76   strlen.o
        12          4          0          0          0         68   sys_exit.o
        74          0          0          0          0         80   sys_stackheap_outer.o
        14          0          0          0          0         76   sys_wrch.o
         2          0          0          0          0         68   use_no_semi.o
       708         16          0          0          0        140   d2f_clz.o
        24          0          0          0          0        116   dcmpi.o
        72          0          0          0          0        232   dflt_clz.o
       120          8          0          0          0        140   dleqf.o
       448         16          0          0          0        164   dmul_clz.o
       258          4          0          0          0        156   dnaninf.o
       112          0          0          0          0        160   drenorm_clz.o
        12          0          0          0          0        116   dretinf.o
        98          0          0          0          0        128   drleqf.o
       378          0          0          0          0        168   dunder_clz.o
       492         36          0          0          0        148   except.o
       122          8          0          0          0        132   f2d.o
       242          4          0          0          0        144   fnaninf.o
        10          0          0          0          0        116   fpinit.o
        10          0          0          0          0        116   fretinf.o
       316          0          0          0          0        132   funder_clz.o
       178          0          0          0          0        116   retnan.o
       126          0          0          0          0        148   trapv.o
         0          0          0          0          0          0   usenofp.o
       300         42          0          0          0        176   asinf.o
       592         90          0          0          0        184   atan2f.o
        20          0          0          0          0        124   fabs.o
        38          0          0          0          0        116   fpclassifyf.o
        44         12          0          0          0        464   funder.o
       120          0          0          0          0        272   sqrtf_full.o

    ----------------------------------------------------------------------
      9186        478       2064         16        100      37858   Library Totals
        14          0          0          0          4          0   (incl. Padding)

    ----------------------------------------------------------------------

      Code (inc. data)   RO Data    RW Data    ZI Data      Debug   Library Name

      2718         84         12         16          0       9922   AHRS.lib
       236         24       2052          0          0      22264   arm_cortexM4lf_math.lib
      1378        134          0          0         96       1764   c_w.l
      3726         92          0          0          0       2572   g_wm.l
      1114        144          0          0          0       1336   m_wm.l

    ----------------------------------------------------------------------
      9186        478       2064         16        100      37858   Library Totals

    ----------------------------------------------------------------------

==============================================================================


      Code (inc. data)   RO Data    RW Data    ZI Data      Debug   

     67112       3714       2956        596      22868    2496736   Grand Totals
     67112       3714       2956        172      22868    2496736   ELF Image Totals (compressed)
     67112       3714       2956        172          0          0   ROM Totals

==============================================================================

    Total RO  Size (Code + RO Data)                70068 (  68.43kB)
    Total RW  Size (RW Data + ZI Data)             23464 (  22.91kB)
    Total ROM Size (Code + RO Data + RW Data)      70240 (  68.59kB)

==============================================================================

