<html>
<body>
<pre>
<h1>µVision Build Log</h1>
<h2>Tool Versions:</h2>
IDE-Version: ¦ÌVision V5.40.0.0
Copyright (C) 2024 ARM Ltd and ARM Germany GmbH. All rights reserved.
License Information: x xuchengyan000@outlook.com, x, LIC=03C6R-KZ3FZ-12LLE-5VVW5-6BJK4-8DESR
 
Tool Versions:
Toolchain:       MDK-ARM Plus  Version: 5.40.0.3
Toolchain Path:  D:\keil5\ARM\ARMCC\Bin
C Compiler:      Armcc.exe V5.06 update 5 (build 528)
Assembler:       Armasm.exe V5.06 update 5 (build 528)
Linker/Locator:  ArmLink.exe V5.06 update 5 (build 528)
Library Manager: ArmAr.exe V5.06 update 5 (build 528)
Hex Converter:   FromElf.exe V5.06 update 5 (build 528)
CPU DLL:         SARMCM3.DLL V5.40.0.3
Dialog DLL:      DCM.DLL V1.17.5.0
Target DLL:      CMSIS_AGDI.dll V1.33.18.0
Dialog DLL:      TCM.DLL V1.56.4.0
 
<h2>Project:</h2>
E:\MyBoardCode\STM32\guojisai\guojisai\24warehouse_boardA\MDK-ARM\24warehouse_boardA.uvprojx
Project File Date:  09/07/2024

<h2>Output:</h2>
*** Using Compiler 'V5.06 update 5 (build 528)', folder: 'D:\keil5\ARM\ARMCC\Bin'
Rebuild target '24warehouse_boardA'
assembling startup_stm32f427xx.s...
compiling tim.c...
compiling spi.c...
compiling stm32f4xx_hal_can.c...
compiling dma.c...
compiling i2c.c...
compiling can.c...
compiling stm32f4xx_hal_timebase_tim.c...
compiling stm32f4xx_hal_msp.c...
compiling gpio.c...
compiling usart.c...
compiling stm32f4xx_it.c...
compiling main.c...
compiling freertos.c...
compiling stm32f4xx_hal.c...
compiling stm32f4xx_hal_flash_ramfunc.c...
compiling stm32f4xx_hal_dma.c...
compiling stm32f4xx_hal_rcc.c...
compiling stm32f4xx_hal_flash.c...
compiling stm32f4xx_hal_rcc_ex.c...
compiling stm32f4xx_hal_gpio.c...
compiling stm32f4xx_hal_exti.c...
compiling stm32f4xx_hal_cortex.c...
compiling stm32f4xx_hal_pwr.c...
compiling stm32f4xx_hal_dma_ex.c...
compiling stm32f4xx_hal_pwr_ex.c...
compiling stm32f4xx_hal_flash_ex.c...
compiling croutine.c...
compiling list.c...
compiling event_groups.c...
compiling stream_buffer.c...
compiling queue.c...
compiling tasks.c...
compiling timers.c...
compiling heap_4.c...
compiling cmsis_os.c...
compiling port.c...
compiling user_lib.c...
compiling ist8310driver.c...
compiling stm32f4xx_hal_i2c.c...
compiling stm32f4xx_hal_tim_ex.c...
compiling system_stm32f4xx.c...
compiling AHRS_middleware.c...
compiling stm32f4xx_hal_spi.c...
compiling bsp_delay.c...
compiling stm32f4xx_hal_tim.c...
compiling BMI088driver.c...
compiling bsp_can.c...
compiling BMI088Middleware.c...
compiling stm32f4xx_hal_i2c_ex.c...
compiling ist8310driver_middleware.c...
compiling calibrate_task.c...
compiling stm32f4xx_hal_uart.c...
compiling bsp_buzzer.c...
compiling pid.c...
compiling bodanpan.c...
compiling bsp_imu_pwm.c...
compiling vofa.c...
compiling Chassis_Task.c...
..\Tasks\Chassis_Task.c(164): warning:  #177-D: function "chassis_set_mode"  was declared but never referenced
  static void chassis_set_mode(chassis_move_t *chassis_move_mode, chassis_mode_e chassis_mode)
..\Tasks\Chassis_Task.c: 1 warning, 0 errors
compiling INS_task.c...
compiling Bodanpan_Task.c...
compiling bsp_flash.c...
compiling bsp_spi.c...
compiling CAN_receive.c...
compiling chassis_behaviour.c...
compiling arm_task.c...
compiling arm_ctrl.c...
compiling serial_servo.c...
compiling unitree_a1.c...
linking...
Program Size: Code=66708 RO-data=2956 RW-data=596 ZI-data=22868  
FromELF: creating hex file...
"24warehouse_boardA\24warehouse_boardA.axf" - 0 Error(s), 1 Warning(s).

<h2>Software Packages used:</h2>

Package Vendor: ARM
                https://www.keil.com/pack/ARM.CMSIS.6.1.0.pack
                ARM::CMSIS@6.1.0
                CMSIS (Common Microcontroller Software Interface Standard)
   * Component: CORE Version: 6.1.0

Package Vendor: Keil
                https://www.keil.com/pack/Keil.STM32F4xx_DFP.2.17.1.pack
                Keil::STM32F4xx_DFP@2.17.1
                STMicroelectronics STM32F4 Series Device Support, Drivers and Examples

<h2>Collection of Component include folders:</h2>
  ./RTE/_24warehouse_boardA
  D:/keil5/ARM/PACK/ARM/CMSIS/6.1.0/CMSIS/Core/Include
  D:/keil5/ARM/PACK/Keil/STM32F4xx_DFP/2.17.1/Drivers/CMSIS/Device/ST/STM32F4xx/Include

<h2>Collection of Component Files used:</h2>

   * Component: ARM::CMSIS:CORE@6.1.0
      Include file:  CMSIS/Core/Include/tz_context.h
Build Time Elapsed:  00:00:17
</pre>
</body>
</html>
