<html>
<body>
<pre>
<h1>µVision Build Log</h1>
<h2>Tool Versions:</h2>
IDE-Version: ¦ÌVision V5.40.0.0
Copyright (C) 2024 ARM Ltd and ARM Germany GmbH. All rights reserved.
License Information: x xuchengyan000@outlook.com, x, LIC=03C6R-KZ3FZ-12LLE-5VVW5-6BJK4-8DESR
 
Tool Versions:
Toolchain:       MDK-ARM Plus  Version: 5.40.0.3
Toolchain Path:  D:\keil5\ARM\ARMCC\Bin
C Compiler:      Armcc.exe V5.06 update 5 (build 528)
Assembler:       Armasm.exe V5.06 update 5 (build 528)
Linker/Locator:  ArmLink.exe V5.06 update 5 (build 528)
Library Manager: ArmAr.exe V5.06 update 5 (build 528)
Hex Converter:   FromElf.exe V5.06 update 5 (build 528)
CPU DLL:         SARMCM3.DLL V5.40.0.3
Dialog DLL:      DCM.DLL V1.17.5.0
Target DLL:      CMSIS_AGDI.dll V1.33.18.0
Dialog DLL:      TCM.DLL V1.56.4.0
 
<h2>Project:</h2>
E:\MyBoardCode\STM32\guojisai\guojisai\guojisai-dev\warehouseC_blue\MDK-ARM\warehouseC.uvprojx
Project File Date:  10/30/2024

<h2>Output:</h2>
*** Using Compiler 'V5.06 update 5 (build 528)', folder: 'D:\keil5\ARM\ARMCC\Bin'
Build target 'warehouseC'
compiling flow_task.c...
..\Tasks\flow_task.c(306): warning:  #188-D: enumerated type mixed with another type
  					chassis_behaviour_mode = target.chassis_mode;
..\Tasks\flow_task.c(349): warning:  #188-D: enumerated type mixed with another type
  					chassis_behaviour_mode = target.chassis_mode;
..\Tasks\flow_task.c(388): warning:  #188-D: enumerated type mixed with another type
  					chassis_behaviour_mode = target.chassis_mode;
..\Tasks\flow_task.c(424): warning:  #188-D: enumerated type mixed with another type
  				chassis_behaviour_mode = target.chassis_mode;
..\Tasks\flow_task.c(455): warning:  #188-D: enumerated type mixed with another type
  				chassis_behaviour_mode = target.chassis_mode;
..\Tasks\flow_task.c(476): warning:  #188-D: enumerated type mixed with another type
  					chassis_behaviour_mode = target.chassis_mode;
..\Tasks\flow_task.c(500): warning:  #188-D: enumerated type mixed with another type
  					chassis_behaviour_mode = target.chassis_mode;
..\Tasks\flow_task.c(527): warning:  #188-D: enumerated type mixed with another type
  					chassis_behaviour_mode = target.chassis_mode;
..\Tasks\flow_task.c(555): warning:  #188-D: enumerated type mixed with another type
  				chassis_behaviour_mode = target.chassis_mode;
..\Tasks\flow_task.c(604): warning:  #188-D: enumerated type mixed with another type
  					chassis_behaviour_mode = target.chassis_mode;
..\Tasks\flow_task.c(634): warning:  #188-D: enumerated type mixed with another type
  				chassis_behaviour_mode = target.chassis_mode;
..\Tasks\flow_task.c(675): warning:  #188-D: enumerated type mixed with another type
  					chassis_behaviour_mode = target.chassis_mode;
..\Tasks\flow_task.c(706): warning:  #188-D: enumerated type mixed with another type
  					chassis_behaviour_mode = target.chassis_mode;
..\Tasks\flow_task.c(728): warning:  #188-D: enumerated type mixed with another type
  				chassis_behaviour_mode = target.chassis_mode;
..\Tasks\flow_task.c(746): warning:  #188-D: enumerated type mixed with another type
  					chassis_behaviour_mode = target.chassis_mode;
..\Tasks\flow_task.c(769): warning:  #188-D: enumerated type mixed with another type
  					chassis_behaviour_mode = target.chassis_mode;
..\Tasks\flow_task.c(790): warning:  #188-D: enumerated type mixed with another type
  				chassis_behaviour_mode = target.chassis_mode;
..\Tasks\flow_task.c(828): warning:  #188-D: enumerated type mixed with another type
  					chassis_behaviour_mode = target.chassis_mode;
..\Tasks\flow_task.c(867): warning:  #188-D: enumerated type mixed with another type
  				chassis_behaviour_mode = target.chassis_mode;
..\Tasks\flow_task.c(900): warning:  #188-D: enumerated type mixed with another type
  					chassis_behaviour_mode = target.chassis_mode;
..\Tasks\flow_task.c(935): warning:  #188-D: enumerated type mixed with another type
  					chassis_behaviour_mode = target.chassis_mode;
..\Tasks\flow_task.c(971): warning:  #188-D: enumerated type mixed with another type
  					chassis_behaviour_mode = target.chassis_mode;
..\Tasks\flow_task.c(1009): warning:  #188-D: enumerated type mixed with another type
  					chassis_behaviour_mode = target.chassis_mode;
..\Tasks\flow_task.c(1059): warning:  #188-D: enumerated type mixed with another type
  				chassis_behaviour_mode = target.chassis_mode;
..\Tasks\flow_task.c(1073): warning:  #188-D: enumerated type mixed with another type
  				chassis_behaviour_mode = target.chassis_mode;
..\Tasks\flow_task.c: 25 warnings, 0 errors
linking...
Program Size: Code=114948 RO-data=5352 RW-data=3608 ZI-data=36368  
FromELF: creating hex file...
"warehouseC\warehouseC.axf" - 0 Error(s), 25 Warning(s).

<h2>Software Packages used:</h2>

Package Vendor: ARM
                https://www.keil.com/pack/ARM.CMSIS.6.1.0.pack
                ARM::CMSIS@6.1.0
                CMSIS (Common Microcontroller Software Interface Standard)
   * Component: CORE Version: 6.1.0

Package Vendor: Keil
                https://www.keil.com/pack/Keil.STM32F4xx_DFP.2.17.1.pack
                Keil::STM32F4xx_DFP@2.17.1
                STMicroelectronics STM32F4 Series Device Support, Drivers and Examples

<h2>Collection of Component include folders:</h2>
  ./RTE/_warehouseC
  D:/keil5/ARM/PACK/ARM/CMSIS/6.1.0/CMSIS/Core/Include
  D:/keil5/ARM/PACK/Keil/STM32F4xx_DFP/2.17.1/Drivers/CMSIS/Device/ST/STM32F4xx/Include

<h2>Collection of Component Files used:</h2>

   * Component: ARM::CMSIS:CORE@6.1.0
      Include file:  CMSIS/Core/Include/tz_context.h
Build Time Elapsed:  00:00:03
</pre>
</body>
</html>
