<html>
<body>
<pre>
<h1>µVision Build Log</h1>
<h2>Tool Versions:</h2>
IDE-Version: ¦ÌVision V5.40.0.0
Copyright (C) 2024 ARM Ltd and ARM Germany GmbH. All rights reserved.
License Information: 00 lenovo, 00, LIC=ATTQ1-CVJET-ARCXW-QJIX8-KBDKC-SZEJ6
 
Tool Versions:
Toolchain:       MDK-ARM Plus  Version: 5.40.0.3
Toolchain Path:  D:\keil\ARM\ARMCC\Bin
C Compiler:      Armcc.exe V5.06 update 7 (build 960)
Assembler:       Armasm.exe V5.06 update 7 (build 960)
Linker/Locator:  ArmLink.exe V5.06 update 7 (build 960)
Library Manager: ArmAr.exe V5.06 update 7 (build 960)
Hex Converter:   FromElf.exe V5.06 update 7 (build 960)
CPU DLL:         SARMCM3.DLL V5.40.0.3
Dialog DLL:      DCM.DLL V1.17.5.0
Target DLL:      CMSIS_AGDI.dll V1.33.18.0
Dialog DLL:      TCM.DLL V1.56.4.0
 
<h2>Project:</h2>
C:\Users\lenovo\Desktop\¾É½¨ÎÄ¼þ¼Ð0\xcy\guojisai-dev\guojisai-dev\guojisai-dev\warehouseC\MDK-ARM\warehouseC.uvprojx
Project File Date:  10/29/2024

<h2>Output:</h2>
*** Using Compiler 'V5.06 update 7 (build 960)', folder: 'D:\keil\ARM\ARMCC\Bin'
Build target 'warehouseC'
compiling flow_task.c...
..\Tasks\flow_task.c(294): warning:  #188-D: enumerated type mixed with another type
  					chassis_behaviour_mode = target.chassis_mode;
..\Tasks\flow_task.c(337): warning:  #188-D: enumerated type mixed with another type
  					chassis_behaviour_mode = target.chassis_mode;
..\Tasks\flow_task.c(376): warning:  #188-D: enumerated type mixed with another type
  					chassis_behaviour_mode = target.chassis_mode;
..\Tasks\flow_task.c(412): warning:  #188-D: enumerated type mixed with another type
  				chassis_behaviour_mode = target.chassis_mode;
..\Tasks\flow_task.c(443): warning:  #188-D: enumerated type mixed with another type
  				chassis_behaviour_mode = target.chassis_mode;
..\Tasks\flow_task.c(464): warning:  #188-D: enumerated type mixed with another type
  					chassis_behaviour_mode = target.chassis_mode;
..\Tasks\flow_task.c(488): warning:  #188-D: enumerated type mixed with another type
  					chassis_behaviour_mode = target.chassis_mode;
..\Tasks\flow_task.c(515): warning:  #188-D: enumerated type mixed with another type
  					chassis_behaviour_mode = target.chassis_mode;
..\Tasks\flow_task.c(543): warning:  #188-D: enumerated type mixed with another type
  				chassis_behaviour_mode = target.chassis_mode;
..\Tasks\flow_task.c(592): warning:  #188-D: enumerated type mixed with another type
  					chassis_behaviour_mode = target.chassis_mode;
..\Tasks\flow_task.c(622): warning:  #188-D: enumerated type mixed with another type
  				chassis_behaviour_mode = target.chassis_mode;
..\Tasks\flow_task.c(663): warning:  #188-D: enumerated type mixed with another type
  					chassis_behaviour_mode = target.chassis_mode;
..\Tasks\flow_task.c(694): warning:  #188-D: enumerated type mixed with another type
  					chassis_behaviour_mode = target.chassis_mode;
..\Tasks\flow_task.c(716): warning:  #188-D: enumerated type mixed with another type
  				chassis_behaviour_mode = target.chassis_mode;
..\Tasks\flow_task.c(734): warning:  #188-D: enumerated type mixed with another type
  					chassis_behaviour_mode = target.chassis_mode;
..\Tasks\flow_task.c(757): warning:  #188-D: enumerated type mixed with another type
  					chassis_behaviour_mode = target.chassis_mode;
..\Tasks\flow_task.c(778): warning:  #188-D: enumerated type mixed with another type
  				chassis_behaviour_mode = target.chassis_mode;
..\Tasks\flow_task.c(816): warning:  #188-D: enumerated type mixed with another type
  					chassis_behaviour_mode = target.chassis_mode;
..\Tasks\flow_task.c(855): warning:  #188-D: enumerated type mixed with another type
  				chassis_behaviour_mode = target.chassis_mode;
..\Tasks\flow_task.c(888): warning:  #188-D: enumerated type mixed with another type
  					chassis_behaviour_mode = target.chassis_mode;
..\Tasks\flow_task.c(923): warning:  #188-D: enumerated type mixed with another type
  					chassis_behaviour_mode = target.chassis_mode;
..\Tasks\flow_task.c(959): warning:  #188-D: enumerated type mixed with another type
  					chassis_behaviour_mode = target.chassis_mode;
..\Tasks\flow_task.c(997): warning:  #188-D: enumerated type mixed with another type
  					chassis_behaviour_mode = target.chassis_mode;
..\Tasks\flow_task.c(1047): warning:  #188-D: enumerated type mixed with another type
  				chassis_behaviour_mode = target.chassis_mode;
..\Tasks\flow_task.c(1061): warning:  #188-D: enumerated type mixed with another type
  				chassis_behaviour_mode = target.chassis_mode;
..\Tasks\flow_task.c: 25 warnings, 0 errors
linking...
Program Size: Code=114888 RO-data=5348 RW-data=3608 ZI-data=36344  
FromELF: creating hex file...
"warehouseC\warehouseC.axf" - 0 Error(s), 25 Warning(s).

<h2>Software Packages used:</h2>

Package Vendor: ARM
                https://www.keil.com/pack/ARM.CMSIS.6.1.0.pack
                ARM::CMSIS@6.1.0
                CMSIS (Common Microcontroller Software Interface Standard)
   * Component: CORE Version: 6.1.0

Package Vendor: Keil
                https://www.keil.com/pack/Keil.STM32F4xx_DFP.2.17.1.pack
                Keil::STM32F4xx_DFP@2.17.1
                STMicroelectronics STM32F4 Series Device Support, Drivers and Examples

<h2>Collection of Component include folders:</h2>
  ./RTE/_warehouseC
  D:/keil/ARM/PACK/ARM/CMSIS/6.1.0/CMSIS/Core/Include
  D:/keil/ARM/PACK/Keil/STM32F4xx_DFP/2.17.1/Drivers/CMSIS/Device/ST/STM32F4xx/Include

<h2>Collection of Component Files used:</h2>

   * Component: ARM::CMSIS:CORE@6.1.0
      Include file:  CMSIS/Core/Include/tz_context.h
Build Time Elapsed:  00:00:05
</pre>
</body>
</html>
