<html>
<body>
<pre>
<h1>µVision Build Log</h1>
<h2>Tool Versions:</h2>
IDE-Version: ¦ÌVision V5.40.0.0
Copyright (C) 2024 ARM Ltd and ARM Germany GmbH. All rights reserved.
License Information: x xuchengyan000@outlook.com, x, LIC=03C6R-KZ3FZ-12LLE-5VVW5-6BJK4-8DESR
 
Tool Versions:
Toolchain:       MDK-ARM Plus  Version: 5.40.0.3
Toolchain Path:  D:\keil5\ARM\ARMCC\Bin
C Compiler:      Armcc.exe V5.06 update 5 (build 528)
Assembler:       Armasm.exe V5.06 update 5 (build 528)
Linker/Locator:  ArmLink.exe V5.06 update 5 (build 528)
Library Manager: ArmAr.exe V5.06 update 5 (build 528)
Hex Converter:   FromElf.exe V5.06 update 5 (build 528)
CPU DLL:         SARMCM3.DLL V5.40.0.3
Dialog DLL:      DCM.DLL V1.17.5.0
Target DLL:      CMSIS_AGDI.dll V1.33.18.0
Dialog DLL:      TCM.DLL V1.56.4.0
 
<h2>Project:</h2>
E:\MyBoardCode\STM32\guojisai\guojisai\guojisai-dev\warehouseC\MDK-ARM\warehouseC.uvprojx
Project File Date:  10/22/2024

<h2>Output:</h2>
*** Using Compiler 'V5.06 update 5 (build 528)', folder: 'D:\keil5\ARM\ARMCC\Bin'
Build target 'warehouseC'
compiling flow_task.c...
..\Tasks\flow_task.c(270): warning:  #188-D: enumerated type mixed with another type
  					chassis_behaviour_mode = target.chassis_mode;
..\Tasks\flow_task.c(313): warning:  #188-D: enumerated type mixed with another type
  					chassis_behaviour_mode = target.chassis_mode;
..\Tasks\flow_task.c(351): warning:  #188-D: enumerated type mixed with another type
  					chassis_behaviour_mode = target.chassis_mode;
..\Tasks\flow_task.c(387): warning:  #188-D: enumerated type mixed with another type
  				chassis_behaviour_mode = target.chassis_mode;
..\Tasks\flow_task.c(418): warning:  #188-D: enumerated type mixed with another type
  				chassis_behaviour_mode = target.chassis_mode;
..\Tasks\flow_task.c(439): warning:  #188-D: enumerated type mixed with another type
  					chassis_behaviour_mode = target.chassis_mode;
..\Tasks\flow_task.c(463): warning:  #188-D: enumerated type mixed with another type
  					chassis_behaviour_mode = target.chassis_mode;
..\Tasks\flow_task.c(490): warning:  #188-D: enumerated type mixed with another type
  					chassis_behaviour_mode = target.chassis_mode;
..\Tasks\flow_task.c(518): warning:  #188-D: enumerated type mixed with another type
  				chassis_behaviour_mode = target.chassis_mode;
..\Tasks\flow_task.c(566): warning:  #188-D: enumerated type mixed with another type
  					chassis_behaviour_mode = target.chassis_mode;
..\Tasks\flow_task.c(596): warning:  #188-D: enumerated type mixed with another type
  				chassis_behaviour_mode = target.chassis_mode;
..\Tasks\flow_task.c(637): warning:  #188-D: enumerated type mixed with another type
  					chassis_behaviour_mode = target.chassis_mode;
..\Tasks\flow_task.c(668): warning:  #188-D: enumerated type mixed with another type
  					chassis_behaviour_mode = target.chassis_mode;
..\Tasks\flow_task.c(690): warning:  #188-D: enumerated type mixed with another type
  				chassis_behaviour_mode = target.chassis_mode;
..\Tasks\flow_task.c(708): warning:  #188-D: enumerated type mixed with another type
  					chassis_behaviour_mode = target.chassis_mode;
..\Tasks\flow_task.c(731): warning:  #188-D: enumerated type mixed with another type
  					chassis_behaviour_mode = target.chassis_mode;
..\Tasks\flow_task.c(752): warning:  #188-D: enumerated type mixed with another type
  				chassis_behaviour_mode = target.chassis_mode;
..\Tasks\flow_task.c(789): warning:  #188-D: enumerated type mixed with another type
  					chassis_behaviour_mode = target.chassis_mode;
..\Tasks\flow_task.c(830): warning:  #188-D: enumerated type mixed with another type
  				chassis_behaviour_mode = target.chassis_mode;
..\Tasks\flow_task.c(861): warning:  #188-D: enumerated type mixed with another type
  					chassis_behaviour_mode = target.chassis_mode;
..\Tasks\flow_task.c(909): warning:  #188-D: enumerated type mixed with another type
  				chassis_behaviour_mode = target.chassis_mode;
..\Tasks\flow_task.c(923): warning:  #188-D: enumerated type mixed with another type
  				chassis_behaviour_mode = target.chassis_mode;
..\Tasks\flow_task.c: 22 warnings, 0 errors
linking...
Program Size: Code=105456 RO-data=3216 RW-data=3156 ZI-data=33948  
FromELF: creating hex file...
"warehouseC\warehouseC.axf" - 0 Error(s), 22 Warning(s).

<h2>Software Packages used:</h2>

Package Vendor: ARM
                https://www.keil.com/pack/ARM.CMSIS.6.1.0.pack
                ARM::CMSIS@6.1.0
                CMSIS (Common Microcontroller Software Interface Standard)
   * Component: CORE Version: 6.1.0

Package Vendor: Keil
                https://www.keil.com/pack/Keil.STM32F4xx_DFP.2.17.1.pack
                Keil::STM32F4xx_DFP@2.17.1
                STMicroelectronics STM32F4 Series Device Support, Drivers and Examples

<h2>Collection of Component include folders:</h2>
  ./RTE/_warehouseC
  D:/keil5/ARM/PACK/ARM/CMSIS/6.1.0/CMSIS/Core/Include
  D:/keil5/ARM/PACK/Keil/STM32F4xx_DFP/2.17.1/Drivers/CMSIS/Device/ST/STM32F4xx/Include

<h2>Collection of Component Files used:</h2>

   * Component: ARM::CMSIS:CORE@6.1.0
      Include file:  CMSIS/Core/Include/tz_context.h
Build Time Elapsed:  00:00:04
</pre>
</body>
</html>
